// Jest Snapshot v1, https://goo.gl/fbAQLP

exports[`Android dark mode dark mode should render correctly 1`] = `
<AIRMapMarker
  coordinate={
    Object {
      "latitude": 52.516379,
      "longitude": 13.378026,
    }
  }
  onPress={[Function]}
  stopPropagation={false}
  style={
    Array [
      Object {
        "backgroundColor": "transparent",
        "position": "absolute",
      },
      undefined,
    ]
  }
  tracksViewChanges={false}
  zIndex={null}
>
  <View
    style={
      Array [
        Object {
          "paddingHorizontal": 8,
          "paddingVertical": 4,
          "shadowColor": undefined,
          "shadowOffset": Object {
            "height": undefined,
            "width": undefined,
          },
          "shadowOpacity": undefined,
          "shadowRadius": undefined,
        },
      ]
    }
  >
    <View
      style={
        Array [
          Object {
            "backgroundColor": "rgb(0, 98, 227)",
            "borderRadius": 4,
            "bottom": -4,
            "height": 16,
            "left": "50%",
            "position": "absolute",
            "transform": Array [
              Object {
                "rotate": "45deg",
              },
            ],
            "width": 16,
          },
        ]
      }
    />
    <View
      style={
        Array [
          Object {
            "backgroundColor": "rgb(0, 98, 227)",
            "borderRadius": 4,
            "bottom": 0,
            "left": 0,
            "position": "absolute",
            "right": 0,
            "top": 0,
          },
        ]
      }
    />
    <Text
      allowFontScaling={false}
      style={
        Array [
          Object {
            "color": "rgb(255, 255, 255)",
            "fontFamily": "sans-serif",
            "fontSize": 14,
            "fontWeight": "400",
            "letterSpacing": 0,
            "textAlign": "left",
          },
          Object {
            "fontFamily": "sans-serif-medium",
          },
          Array [
            Object {
              "color": "rgb(255, 255, 255)",
            },
          ],
        ]
      }
    >
      123€
    </Text>
  </View>
</AIRMapMarker>
`;

exports[`Android dark mode dark mode should render correctly with disabled={true} 1`] = `
<AIRMapMarker
  coordinate={
    Object {
      "latitude": 52.516379,
      "longitude": 13.378026,
    }
  }
  onPress={[Function]}
  stopPropagation={false}
  style={
    Array [
      Object {
        "backgroundColor": "transparent",
        "position": "absolute",
      },
      undefined,
    ]
  }
  tracksViewChanges={false}
  zIndex={null}
>
  <View
    style={
      Array [
        Object {
          "paddingHorizontal": 8,
          "paddingVertical": 4,
          "shadowColor": undefined,
          "shadowOffset": Object {
            "height": undefined,
            "width": undefined,
          },
          "shadowOpacity": undefined,
          "shadowRadius": undefined,
        },
      ]
    }
  >
    <View
      style={
        Array [
          Object {
            "backgroundColor": "rgb(0, 98, 227)",
            "borderRadius": 4,
            "bottom": -4,
            "height": 16,
            "left": "50%",
            "position": "absolute",
            "transform": Array [
              Object {
                "rotate": "45deg",
              },
            ],
            "width": 16,
          },
          Object {
            "backgroundColor": "rgb(36, 51, 70)",
          },
        ]
      }
    />
    <View
      style={
        Array [
          Object {
            "backgroundColor": "rgb(0, 98, 227)",
            "borderRadius": 4,
            "bottom": 0,
            "left": 0,
            "position": "absolute",
            "right": 0,
            "top": 0,
          },
          Object {
            "backgroundColor": "rgb(36, 51, 70)",
          },
        ]
      }
    />
    <Text
      allowFontScaling={false}
      style={
        Array [
          Object {
            "color": "rgb(255, 255, 255)",
            "fontFamily": "sans-serif",
            "fontSize": 14,
            "fontWeight": "400",
            "letterSpacing": 0,
            "textAlign": "left",
          },
          Object {
            "fontFamily": "sans-serif-medium",
          },
          Array [
            Object {
              "color": "rgb(255, 255, 255)",
            },
            Object {
              "color": "rgb(68, 80, 95)",
            },
          ],
        ]
      }
    >
      123€
    </Text>
  </View>
</AIRMapMarker>
`;

exports[`Android dark mode dark mode should render correctly with status=default 1`] = `
<AIRMapMarker
  coordinate={
    Object {
      "latitude": 52.516379,
      "longitude": 13.378026,
    }
  }
  onPress={[Function]}
  stopPropagation={false}
  style={
    Array [
      Object {
        "backgroundColor": "transparent",
        "position": "absolute",
      },
      undefined,
    ]
  }
  tracksViewChanges={false}
  zIndex={null}
>
  <View
    style={
      Array [
        Object {
          "paddingHorizontal": 8,
          "paddingVertical": 4,
          "shadowColor": undefined,
          "shadowOffset": Object {
            "height": undefined,
            "width": undefined,
          },
          "shadowOpacity": undefined,
          "shadowRadius": undefined,
        },
      ]
    }
  >
    <View
      style={
        Array [
          Object {
            "backgroundColor": "rgb(0, 98, 227)",
            "borderRadius": 4,
            "bottom": -4,
            "height": 16,
            "left": "50%",
            "position": "absolute",
            "transform": Array [
              Object {
                "rotate": "45deg",
              },
            ],
            "width": 16,
          },
        ]
      }
    />
    <View
      style={
        Array [
          Object {
            "backgroundColor": "rgb(0, 98, 227)",
            "borderRadius": 4,
            "bottom": 0,
            "left": 0,
            "position": "absolute",
            "right": 0,
            "top": 0,
          },
        ]
      }
    />
    <Text
      allowFontScaling={false}
      style={
        Array [
          Object {
            "color": "rgb(255, 255, 255)",
            "fontFamily": "sans-serif",
            "fontSize": 14,
            "fontWeight": "400",
            "letterSpacing": 0,
            "textAlign": "left",
          },
          Object {
            "fontFamily": "sans-serif-medium",
          },
          Array [
            Object {
              "color": "rgb(255, 255, 255)",
            },
          ],
        ]
      }
    >
      123€
    </Text>
  </View>
</AIRMapMarker>
`;

exports[`Android dark mode dark mode should render correctly with status=focused 1`] = `
<AIRMapMarker
  coordinate={
    Object {
      "latitude": 52.516379,
      "longitude": 13.378026,
    }
  }
  onPress={[Function]}
  stopPropagation={false}
  style={
    Array [
      Object {
        "backgroundColor": "transparent",
        "position": "absolute",
      },
      undefined,
    ]
  }
  tracksViewChanges={false}
  zIndex={null}
>
  <View
    style={
      Array [
        Object {
          "paddingHorizontal": 8,
          "paddingVertical": 4,
          "shadowColor": undefined,
          "shadowOffset": Object {
            "height": undefined,
            "width": undefined,
          },
          "shadowOpacity": undefined,
          "shadowRadius": undefined,
        },
        Object {
          "paddingVertical": 8,
        },
      ]
    }
  >
    <View
      style={
        Array [
          Object {
            "backgroundColor": "rgb(0, 98, 227)",
            "borderRadius": 4,
            "bottom": -4,
            "height": 16,
            "left": "50%",
            "position": "absolute",
            "transform": Array [
              Object {
                "rotate": "45deg",
              },
            ],
            "width": 16,
          },
          Object {
            "backgroundColor": "rgb(0, 98, 227)",
          },
        ]
      }
    />
    <View
      style={
        Array [
          Object {
            "backgroundColor": "rgb(0, 98, 227)",
            "borderRadius": 4,
            "bottom": 0,
            "left": 0,
            "position": "absolute",
            "right": 0,
            "top": 0,
          },
          Object {
            "backgroundColor": "rgb(255, 255, 255)",
            "borderColor": "rgb(0, 98, 227)",
            "borderWidth": 2,
          },
        ]
      }
    />
    <Text
      allowFontScaling={false}
      style={
        Array [
          Object {
            "color": "rgb(255, 255, 255)",
            "fontFamily": "sans-serif",
            "fontSize": 16,
            "fontWeight": "400",
            "letterSpacing": -0.2,
            "textAlign": "left",
          },
          Object {
            "fontFamily": "sans-serif-medium",
          },
          Array [
            Object {
              "color": "rgb(255, 255, 255)",
            },
            Object {
              "color": "rgb(0, 98, 227)",
            },
          ],
        ]
      }
    >
      123€
    </Text>
  </View>
</AIRMapMarker>
`;

exports[`Android dark mode dark mode should render correctly with status=viewed 1`] = `
<AIRMapMarker
  coordinate={
    Object {
      "latitude": 52.516379,
      "longitude": 13.378026,
    }
  }
  onPress={[Function]}
  stopPropagation={false}
  style={
    Array [
      Object {
        "backgroundColor": "transparent",
        "position": "absolute",
      },
      undefined,
    ]
  }
  tracksViewChanges={false}
  zIndex={null}
>
  <View
    style={
      Array [
        Object {
          "paddingHorizontal": 8,
          "paddingVertical": 4,
          "shadowColor": undefined,
          "shadowOffset": Object {
            "height": undefined,
            "width": undefined,
          },
          "shadowOpacity": undefined,
          "shadowRadius": undefined,
        },
      ]
    }
  >
    <View
      style={
        Array [
          Object {
            "backgroundColor": "rgb(0, 98, 227)",
            "borderRadius": 4,
            "bottom": -4,
            "height": 16,
            "left": "50%",
            "position": "absolute",
            "transform": Array [
              Object {
                "rotate": "45deg",
              },
            ],
            "width": 16,
          },
          Object {
            "backgroundColor": "rgb(224, 227, 229)",
          },
        ]
      }
    />
    <View
      style={
        Array [
          Object {
            "backgroundColor": "rgb(0, 98, 227)",
            "borderRadius": 4,
            "bottom": 0,
            "left": 0,
            "position": "absolute",
            "right": 0,
            "top": 0,
          },
          Object {
            "backgroundColor": "rgb(224, 227, 229)",
          },
        ]
      }
    />
    <Text
      allowFontScaling={false}
      style={
        Array [
          Object {
            "color": "rgb(255, 255, 255)",
            "fontFamily": "sans-serif",
            "fontSize": 14,
            "fontWeight": "400",
            "letterSpacing": 0,
            "textAlign": "left",
          },
          Object {
            "fontFamily": "sans-serif-medium",
          },
          Array [
            Object {
              "color": "rgb(255, 255, 255)",
            },
            Object {
              "color": "rgb(0, 98, 227)",
            },
          ],
        ]
      }
    >
      123€
    </Text>
  </View>
</AIRMapMarker>
`;

exports[`Android dark mode dark mode should render correctly with zIndex 1`] = `
<AIRMapMarker
  coordinate={
    Object {
      "latitude": 52.516379,
      "longitude": 13.378026,
    }
  }
  onPress={[Function]}
  stopPropagation={false}
  style={
    Array [
      Object {
        "backgroundColor": "transparent",
        "position": "absolute",
      },
      undefined,
    ]
  }
  tracksViewChanges={false}
  zIndex={1000}
>
  <View
    style={
      Array [
        Object {
          "paddingHorizontal": 8,
          "paddingVertical": 4,
          "shadowColor": undefined,
          "shadowOffset": Object {
            "height": undefined,
            "width": undefined,
          },
          "shadowOpacity": undefined,
          "shadowRadius": undefined,
        },
      ]
    }
  >
    <View
      style={
        Array [
          Object {
            "backgroundColor": "rgb(0, 98, 227)",
            "borderRadius": 4,
            "bottom": -4,
            "height": 16,
            "left": "50%",
            "position": "absolute",
            "transform": Array [
              Object {
                "rotate": "45deg",
              },
            ],
            "width": 16,
          },
        ]
      }
    />
    <View
      style={
        Array [
          Object {
            "backgroundColor": "rgb(0, 98, 227)",
            "borderRadius": 4,
            "bottom": 0,
            "left": 0,
            "position": "absolute",
            "right": 0,
            "top": 0,
          },
        ]
      }
    />
    <Text
      allowFontScaling={false}
      style={
        Array [
          Object {
            "color": "rgb(255, 255, 255)",
            "fontFamily": "sans-serif",
            "fontSize": 14,
            "fontWeight": "400",
            "letterSpacing": 0,
            "textAlign": "left",
          },
          Object {
            "fontFamily": "sans-serif-medium",
          },
          Array [
            Object {
              "color": "rgb(255, 255, 255)",
            },
          ],
        ]
      }
    >
      123€
    </Text>
  </View>
</AIRMapMarker>
`;

exports[`Android dark mode light mode should render correctly 1`] = `
<AIRMapMarker
  coordinate={
    Object {
      "latitude": 52.516379,
      "longitude": 13.378026,
    }
  }
  onPress={[Function]}
  stopPropagation={false}
  style={
    Array [
      Object {
        "backgroundColor": "transparent",
        "position": "absolute",
      },
      undefined,
    ]
  }
  tracksViewChanges={false}
  zIndex={null}
>
  <View
    style={
      Array [
        Object {
          "paddingHorizontal": 8,
          "paddingVertical": 4,
          "shadowColor": undefined,
          "shadowOffset": Object {
            "height": undefined,
            "width": undefined,
          },
          "shadowOpacity": undefined,
          "shadowRadius": undefined,
        },
      ]
    }
  >
    <View
      style={
        Array [
          Object {
            "backgroundColor": "rgb(0, 98, 227)",
            "borderRadius": 4,
            "bottom": -4,
            "height": 16,
            "left": "50%",
            "position": "absolute",
            "transform": Array [
              Object {
                "rotate": "45deg",
              },
            ],
            "width": 16,
          },
        ]
      }
    />
    <View
      style={
        Array [
          Object {
            "backgroundColor": "rgb(0, 98, 227)",
            "borderRadius": 4,
            "bottom": 0,
            "left": 0,
            "position": "absolute",
            "right": 0,
            "top": 0,
          },
        ]
      }
    />
    <Text
      allowFontScaling={false}
      style={
        Array [
          Object {
            "color": "rgb(22, 22, 22)",
            "fontFamily": "sans-serif",
            "fontSize": 14,
            "fontWeight": "400",
            "letterSpacing": 0,
            "textAlign": "left",
          },
          Object {
            "fontFamily": "sans-serif-medium",
          },
          Array [
            Object {
              "color": "rgb(255, 255, 255)",
            },
          ],
        ]
      }
    >
      123€
    </Text>
  </View>
</AIRMapMarker>
`;

exports[`Android dark mode light mode should render correctly with disabled={true} 1`] = `
<AIRMapMarker
  coordinate={
    Object {
      "latitude": 52.516379,
      "longitude": 13.378026,
    }
  }
  onPress={[Function]}
  stopPropagation={false}
  style={
    Array [
      Object {
        "backgroundColor": "transparent",
        "position": "absolute",
      },
      undefined,
    ]
  }
  tracksViewChanges={false}
  zIndex={null}
>
  <View
    style={
      Array [
        Object {
          "paddingHorizontal": 8,
          "paddingVertical": 4,
          "shadowColor": undefined,
          "shadowOffset": Object {
            "height": undefined,
            "width": undefined,
          },
          "shadowOpacity": undefined,
          "shadowRadius": undefined,
        },
      ]
    }
  >
    <View
      style={
        Array [
          Object {
            "backgroundColor": "rgb(0, 98, 227)",
            "borderRadius": 4,
            "bottom": -4,
            "height": 16,
            "left": "50%",
            "position": "absolute",
            "transform": Array [
              Object {
                "rotate": "45deg",
              },
            ],
            "width": 16,
          },
          Object {
            "backgroundColor": "rgb(255, 255, 255)",
          },
        ]
      }
    />
    <View
      style={
        Array [
          Object {
            "backgroundColor": "rgb(0, 98, 227)",
            "borderRadius": 4,
            "bottom": 0,
            "left": 0,
            "position": "absolute",
            "right": 0,
            "top": 0,
          },
          Object {
            "backgroundColor": "rgb(255, 255, 255)",
          },
        ]
      }
    />
    <Text
      allowFontScaling={false}
      style={
        Array [
          Object {
            "color": "rgb(22, 22, 22)",
            "fontFamily": "sans-serif",
            "fontSize": 14,
            "fontWeight": "400",
            "letterSpacing": 0,
            "textAlign": "left",
          },
          Object {
            "fontFamily": "sans-serif-medium",
          },
          Array [
            Object {
              "color": "rgb(255, 255, 255)",
            },
            Object {
              "color": "rgb(194, 201, 205)",
            },
          ],
        ]
      }
    >
      123€
    </Text>
  </View>
</AIRMapMarker>
`;

exports[`Android dark mode light mode should render correctly with status=default 1`] = `
<AIRMapMarker
  coordinate={
    Object {
      "latitude": 52.516379,
      "longitude": 13.378026,
    }
  }
  onPress={[Function]}
  stopPropagation={false}
  style={
    Array [
      Object {
        "backgroundColor": "transparent",
        "position": "absolute",
      },
      undefined,
    ]
  }
  tracksViewChanges={false}
  zIndex={null}
>
  <View
    style={
      Array [
        Object {
          "paddingHorizontal": 8,
          "paddingVertical": 4,
          "shadowColor": undefined,
          "shadowOffset": Object {
            "height": undefined,
            "width": undefined,
          },
          "shadowOpacity": undefined,
          "shadowRadius": undefined,
        },
      ]
    }
  >
    <View
      style={
        Array [
          Object {
            "backgroundColor": "rgb(0, 98, 227)",
            "borderRadius": 4,
            "bottom": -4,
            "height": 16,
            "left": "50%",
            "position": "absolute",
            "transform": Array [
              Object {
                "rotate": "45deg",
              },
            ],
            "width": 16,
          },
        ]
      }
    />
    <View
      style={
        Array [
          Object {
            "backgroundColor": "rgb(0, 98, 227)",
            "borderRadius": 4,
            "bottom": 0,
            "left": 0,
            "position": "absolute",
            "right": 0,
            "top": 0,
          },
        ]
      }
    />
    <Text
      allowFontScaling={false}
      style={
        Array [
          Object {
            "color": "rgb(22, 22, 22)",
            "fontFamily": "sans-serif",
            "fontSize": 14,
            "fontWeight": "400",
            "letterSpacing": 0,
            "textAlign": "left",
          },
          Object {
            "fontFamily": "sans-serif-medium",
          },
          Array [
            Object {
              "color": "rgb(255, 255, 255)",
            },
          ],
        ]
      }
    >
      123€
    </Text>
  </View>
</AIRMapMarker>
`;

exports[`Android dark mode light mode should render correctly with status=focused 1`] = `
<AIRMapMarker
  coordinate={
    Object {
      "latitude": 52.516379,
      "longitude": 13.378026,
    }
  }
  onPress={[Function]}
  stopPropagation={false}
  style={
    Array [
      Object {
        "backgroundColor": "transparent",
        "position": "absolute",
      },
      undefined,
    ]
  }
  tracksViewChanges={false}
  zIndex={null}
>
  <View
    style={
      Array [
        Object {
          "paddingHorizontal": 8,
          "paddingVertical": 4,
          "shadowColor": undefined,
          "shadowOffset": Object {
            "height": undefined,
            "width": undefined,
          },
          "shadowOpacity": undefined,
          "shadowRadius": undefined,
        },
        Object {
          "paddingVertical": 8,
        },
      ]
    }
  >
    <View
      style={
        Array [
          Object {
            "backgroundColor": "rgb(0, 98, 227)",
            "borderRadius": 4,
            "bottom": -4,
            "height": 16,
            "left": "50%",
            "position": "absolute",
            "transform": Array [
              Object {
                "rotate": "45deg",
              },
            ],
            "width": 16,
          },
          Object {
            "backgroundColor": "rgb(0, 98, 227)",
          },
        ]
      }
    />
    <View
      style={
        Array [
          Object {
            "backgroundColor": "rgb(0, 98, 227)",
            "borderRadius": 4,
            "bottom": 0,
            "left": 0,
            "position": "absolute",
            "right": 0,
            "top": 0,
          },
          Object {
            "backgroundColor": "rgb(255, 255, 255)",
            "borderColor": "rgb(0, 98, 227)",
            "borderWidth": 2,
          },
        ]
      }
    />
    <Text
      allowFontScaling={false}
      style={
        Array [
          Object {
            "color": "rgb(22, 22, 22)",
            "fontFamily": "sans-serif",
            "fontSize": 16,
            "fontWeight": "400",
            "letterSpacing": -0.2,
            "textAlign": "left",
          },
          Object {
            "fontFamily": "sans-serif-medium",
          },
          Array [
            Object {
              "color": "rgb(255, 255, 255)",
            },
            Object {
              "color": "rgb(0, 98, 227)",
            },
          ],
        ]
      }
    >
      123€
    </Text>
  </View>
</AIRMapMarker>
`;

exports[`Android dark mode light mode should render correctly with status=viewed 1`] = `
<AIRMapMarker
  coordinate={
    Object {
      "latitude": 52.516379,
      "longitude": 13.378026,
    }
  }
  onPress={[Function]}
  stopPropagation={false}
  style={
    Array [
      Object {
        "backgroundColor": "transparent",
        "position": "absolute",
      },
      undefined,
    ]
  }
  tracksViewChanges={false}
  zIndex={null}
>
  <View
    style={
      Array [
        Object {
          "paddingHorizontal": 8,
          "paddingVertical": 4,
          "shadowColor": undefined,
          "shadowOffset": Object {
            "height": undefined,
            "width": undefined,
          },
          "shadowOpacity": undefined,
          "shadowRadius": undefined,
        },
      ]
    }
  >
    <View
      style={
        Array [
          Object {
            "backgroundColor": "rgb(0, 98, 227)",
            "borderRadius": 4,
            "bottom": -4,
            "height": 16,
            "left": "50%",
            "position": "absolute",
            "transform": Array [
              Object {
                "rotate": "45deg",
              },
            ],
            "width": 16,
          },
          Object {
            "backgroundColor": "rgb(224, 227, 229)",
          },
        ]
      }
    />
    <View
      style={
        Array [
          Object {
            "backgroundColor": "rgb(0, 98, 227)",
            "borderRadius": 4,
            "bottom": 0,
            "left": 0,
            "position": "absolute",
            "right": 0,
            "top": 0,
          },
          Object {
            "backgroundColor": "rgb(224, 227, 229)",
          },
        ]
      }
    />
    <Text
      allowFontScaling={false}
      style={
        Array [
          Object {
            "color": "rgb(22, 22, 22)",
            "fontFamily": "sans-serif",
            "fontSize": 14,
            "fontWeight": "400",
            "letterSpacing": 0,
            "textAlign": "left",
          },
          Object {
            "fontFamily": "sans-serif-medium",
          },
          Array [
            Object {
              "color": "rgb(255, 255, 255)",
            },
            Object {
              "color": "rgb(0, 98, 227)",
            },
          ],
        ]
      }
    >
      123€
    </Text>
  </View>
</AIRMapMarker>
`;

exports[`Android dark mode light mode should render correctly with zIndex 1`] = `
<AIRMapMarker
  coordinate={
    Object {
      "latitude": 52.516379,
      "longitude": 13.378026,
    }
  }
  onPress={[Function]}
  stopPropagation={false}
  style={
    Array [
      Object {
        "backgroundColor": "transparent",
        "position": "absolute",
      },
      undefined,
    ]
  }
  tracksViewChanges={false}
  zIndex={1000}
>
  <View
    style={
      Array [
        Object {
          "paddingHorizontal": 8,
          "paddingVertical": 4,
          "shadowColor": undefined,
          "shadowOffset": Object {
            "height": undefined,
            "width": undefined,
          },
          "shadowOpacity": undefined,
          "shadowRadius": undefined,
        },
      ]
    }
  >
    <View
      style={
        Array [
          Object {
            "backgroundColor": "rgb(0, 98, 227)",
            "borderRadius": 4,
            "bottom": -4,
            "height": 16,
            "left": "50%",
            "position": "absolute",
            "transform": Array [
              Object {
                "rotate": "45deg",
              },
            ],
            "width": 16,
          },
        ]
      }
    />
    <View
      style={
        Array [
          Object {
            "backgroundColor": "rgb(0, 98, 227)",
            "borderRadius": 4,
            "bottom": 0,
            "left": 0,
            "position": "absolute",
            "right": 0,
            "top": 0,
          },
        ]
      }
    />
    <Text
      allowFontScaling={false}
      style={
        Array [
          Object {
            "color": "rgb(22, 22, 22)",
            "fontFamily": "sans-serif",
            "fontSize": 14,
            "fontWeight": "400",
            "letterSpacing": 0,
            "textAlign": "left",
          },
          Object {
            "fontFamily": "sans-serif-medium",
          },
          Array [
            Object {
              "color": "rgb(255, 255, 255)",
            },
          ],
        ]
      }
    >
      123€
    </Text>
  </View>
</AIRMapMarker>
`;

exports[`Android light mode dark mode should render correctly 1`] = `
<AIRMapMarker
  coordinate={
    Object {
      "latitude": 52.516379,
      "longitude": 13.378026,
    }
  }
  onPress={[Function]}
  stopPropagation={false}
  style={
    Array [
      Object {
        "backgroundColor": "transparent",
        "position": "absolute",
      },
      undefined,
    ]
  }
  tracksViewChanges={false}
  zIndex={null}
>
  <View
    style={
      Array [
        Object {
          "paddingHorizontal": 8,
          "paddingVertical": 4,
          "shadowColor": undefined,
          "shadowOffset": Object {
            "height": undefined,
            "width": undefined,
          },
          "shadowOpacity": undefined,
          "shadowRadius": undefined,
        },
      ]
    }
  >
    <View
      style={
        Array [
          Object {
            "backgroundColor": "rgb(0, 98, 227)",
            "borderRadius": 4,
            "bottom": -4,
            "height": 16,
            "left": "50%",
            "position": "absolute",
            "transform": Array [
              Object {
                "rotate": "45deg",
              },
            ],
            "width": 16,
          },
        ]
      }
    />
    <View
      style={
        Array [
          Object {
            "backgroundColor": "rgb(0, 98, 227)",
            "borderRadius": 4,
            "bottom": 0,
            "left": 0,
            "position": "absolute",
            "right": 0,
            "top": 0,
          },
        ]
      }
    />
    <Text
      allowFontScaling={false}
      style={
        Array [
          Object {
            "color": "rgb(255, 255, 255)",
            "fontFamily": "sans-serif",
            "fontSize": 14,
            "fontWeight": "400",
            "letterSpacing": 0,
            "textAlign": "left",
          },
          Object {
            "fontFamily": "sans-serif-medium",
          },
          Array [
            Object {
              "color": "rgb(255, 255, 255)",
            },
          ],
        ]
      }
    >
      123€
    </Text>
  </View>
</AIRMapMarker>
`;

exports[`Android light mode dark mode should render correctly with disabled={true} 1`] = `
<AIRMapMarker
  coordinate={
    Object {
      "latitude": 52.516379,
      "longitude": 13.378026,
    }
  }
  onPress={[Function]}
  stopPropagation={false}
  style={
    Array [
      Object {
        "backgroundColor": "transparent",
        "position": "absolute",
      },
      undefined,
    ]
  }
  tracksViewChanges={false}
  zIndex={null}
>
  <View
    style={
      Array [
        Object {
          "paddingHorizontal": 8,
          "paddingVertical": 4,
          "shadowColor": undefined,
          "shadowOffset": Object {
            "height": undefined,
            "width": undefined,
          },
          "shadowOpacity": undefined,
          "shadowRadius": undefined,
        },
      ]
    }
  >
    <View
      style={
        Array [
          Object {
            "backgroundColor": "rgb(0, 98, 227)",
            "borderRadius": 4,
            "bottom": -4,
            "height": 16,
            "left": "50%",
            "position": "absolute",
            "transform": Array [
              Object {
                "rotate": "45deg",
              },
            ],
            "width": 16,
          },
          Object {
            "backgroundColor": "rgb(36, 51, 70)",
          },
        ]
      }
    />
    <View
      style={
        Array [
          Object {
            "backgroundColor": "rgb(0, 98, 227)",
            "borderRadius": 4,
            "bottom": 0,
            "left": 0,
            "position": "absolute",
            "right": 0,
            "top": 0,
          },
          Object {
            "backgroundColor": "rgb(36, 51, 70)",
          },
        ]
      }
    />
    <Text
      allowFontScaling={false}
      style={
        Array [
          Object {
            "color": "rgb(255, 255, 255)",
            "fontFamily": "sans-serif",
            "fontSize": 14,
            "fontWeight": "400",
            "letterSpacing": 0,
            "textAlign": "left",
          },
          Object {
            "fontFamily": "sans-serif-medium",
          },
          Array [
            Object {
              "color": "rgb(255, 255, 255)",
            },
            Object {
              "color": "rgb(68, 80, 95)",
            },
          ],
        ]
      }
    >
      123€
    </Text>
  </View>
</AIRMapMarker>
`;

exports[`Android light mode dark mode should render correctly with status=default 1`] = `
<AIRMapMarker
  coordinate={
    Object {
      "latitude": 52.516379,
      "longitude": 13.378026,
    }
  }
  onPress={[Function]}
  stopPropagation={false}
  style={
    Array [
      Object {
        "backgroundColor": "transparent",
        "position": "absolute",
      },
      undefined,
    ]
  }
  tracksViewChanges={false}
  zIndex={null}
>
  <View
    style={
      Array [
        Object {
          "paddingHorizontal": 8,
          "paddingVertical": 4,
          "shadowColor": undefined,
          "shadowOffset": Object {
            "height": undefined,
            "width": undefined,
          },
          "shadowOpacity": undefined,
          "shadowRadius": undefined,
        },
      ]
    }
  >
    <View
      style={
        Array [
          Object {
            "backgroundColor": "rgb(0, 98, 227)",
            "borderRadius": 4,
            "bottom": -4,
            "height": 16,
            "left": "50%",
            "position": "absolute",
            "transform": Array [
              Object {
                "rotate": "45deg",
              },
            ],
            "width": 16,
          },
        ]
      }
    />
    <View
      style={
        Array [
          Object {
            "backgroundColor": "rgb(0, 98, 227)",
            "borderRadius": 4,
            "bottom": 0,
            "left": 0,
            "position": "absolute",
            "right": 0,
            "top": 0,
          },
        ]
      }
    />
    <Text
      allowFontScaling={false}
      style={
        Array [
          Object {
            "color": "rgb(255, 255, 255)",
            "fontFamily": "sans-serif",
            "fontSize": 14,
            "fontWeight": "400",
            "letterSpacing": 0,
            "textAlign": "left",
          },
          Object {
            "fontFamily": "sans-serif-medium",
          },
          Array [
            Object {
              "color": "rgb(255, 255, 255)",
            },
          ],
        ]
      }
    >
      123€
    </Text>
  </View>
</AIRMapMarker>
`;

exports[`Android light mode dark mode should render correctly with status=focused 1`] = `
<AIRMapMarker
  coordinate={
    Object {
      "latitude": 52.516379,
      "longitude": 13.378026,
    }
  }
  onPress={[Function]}
  stopPropagation={false}
  style={
    Array [
      Object {
        "backgroundColor": "transparent",
        "position": "absolute",
      },
      undefined,
    ]
  }
  tracksViewChanges={false}
  zIndex={null}
>
  <View
    style={
      Array [
        Object {
          "paddingHorizontal": 8,
          "paddingVertical": 4,
          "shadowColor": undefined,
          "shadowOffset": Object {
            "height": undefined,
            "width": undefined,
          },
          "shadowOpacity": undefined,
          "shadowRadius": undefined,
        },
        Object {
          "paddingVertical": 8,
        },
      ]
    }
  >
    <View
      style={
        Array [
          Object {
            "backgroundColor": "rgb(0, 98, 227)",
            "borderRadius": 4,
            "bottom": -4,
            "height": 16,
            "left": "50%",
            "position": "absolute",
            "transform": Array [
              Object {
                "rotate": "45deg",
              },
            ],
            "width": 16,
          },
          Object {
            "backgroundColor": "rgb(0, 98, 227)",
          },
        ]
      }
    />
    <View
      style={
        Array [
          Object {
            "backgroundColor": "rgb(0, 98, 227)",
            "borderRadius": 4,
            "bottom": 0,
            "left": 0,
            "position": "absolute",
            "right": 0,
            "top": 0,
          },
          Object {
            "backgroundColor": "rgb(255, 255, 255)",
            "borderColor": "rgb(0, 98, 227)",
            "borderWidth": 2,
          },
        ]
      }
    />
    <Text
      allowFontScaling={false}
      style={
        Array [
          Object {
            "color": "rgb(255, 255, 255)",
            "fontFamily": "sans-serif",
            "fontSize": 16,
            "fontWeight": "400",
            "letterSpacing": -0.2,
            "textAlign": "left",
          },
          Object {
            "fontFamily": "sans-serif-medium",
          },
          Array [
            Object {
              "color": "rgb(255, 255, 255)",
            },
            Object {
              "color": "rgb(0, 98, 227)",
            },
          ],
        ]
      }
    >
      123€
    </Text>
  </View>
</AIRMapMarker>
`;

exports[`Android light mode dark mode should render correctly with status=viewed 1`] = `
<AIRMapMarker
  coordinate={
    Object {
      "latitude": 52.516379,
      "longitude": 13.378026,
    }
  }
  onPress={[Function]}
  stopPropagation={false}
  style={
    Array [
      Object {
        "backgroundColor": "transparent",
        "position": "absolute",
      },
      undefined,
    ]
  }
  tracksViewChanges={false}
  zIndex={null}
>
  <View
    style={
      Array [
        Object {
          "paddingHorizontal": 8,
          "paddingVertical": 4,
          "shadowColor": undefined,
          "shadowOffset": Object {
            "height": undefined,
            "width": undefined,
          },
          "shadowOpacity": undefined,
          "shadowRadius": undefined,
        },
      ]
    }
  >
    <View
      style={
        Array [
          Object {
            "backgroundColor": "rgb(0, 98, 227)",
            "borderRadius": 4,
            "bottom": -4,
            "height": 16,
            "left": "50%",
            "position": "absolute",
            "transform": Array [
              Object {
                "rotate": "45deg",
              },
            ],
            "width": 16,
          },
          Object {
            "backgroundColor": "rgb(224, 227, 229)",
          },
        ]
      }
    />
    <View
      style={
        Array [
          Object {
            "backgroundColor": "rgb(0, 98, 227)",
            "borderRadius": 4,
            "bottom": 0,
            "left": 0,
            "position": "absolute",
            "right": 0,
            "top": 0,
          },
          Object {
            "backgroundColor": "rgb(224, 227, 229)",
          },
        ]
      }
    />
    <Text
      allowFontScaling={false}
      style={
        Array [
          Object {
            "color": "rgb(255, 255, 255)",
            "fontFamily": "sans-serif",
            "fontSize": 14,
            "fontWeight": "400",
            "letterSpacing": 0,
            "textAlign": "left",
          },
          Object {
            "fontFamily": "sans-serif-medium",
          },
          Array [
            Object {
              "color": "rgb(255, 255, 255)",
            },
            Object {
              "color": "rgb(0, 98, 227)",
            },
          ],
        ]
      }
    >
      123€
    </Text>
  </View>
</AIRMapMarker>
`;

exports[`Android light mode dark mode should render correctly with zIndex 1`] = `
<AIRMapMarker
  coordinate={
    Object {
      "latitude": 52.516379,
      "longitude": 13.378026,
    }
  }
  onPress={[Function]}
  stopPropagation={false}
  style={
    Array [
      Object {
        "backgroundColor": "transparent",
        "position": "absolute",
      },
      undefined,
    ]
  }
  tracksViewChanges={false}
  zIndex={1000}
>
  <View
    style={
      Array [
        Object {
          "paddingHorizontal": 8,
          "paddingVertical": 4,
          "shadowColor": undefined,
          "shadowOffset": Object {
            "height": undefined,
            "width": undefined,
          },
          "shadowOpacity": undefined,
          "shadowRadius": undefined,
        },
      ]
    }
  >
    <View
      style={
        Array [
          Object {
            "backgroundColor": "rgb(0, 98, 227)",
            "borderRadius": 4,
            "bottom": -4,
            "height": 16,
            "left": "50%",
            "position": "absolute",
            "transform": Array [
              Object {
                "rotate": "45deg",
              },
            ],
            "width": 16,
          },
        ]
      }
    />
    <View
      style={
        Array [
          Object {
            "backgroundColor": "rgb(0, 98, 227)",
            "borderRadius": 4,
            "bottom": 0,
            "left": 0,
            "position": "absolute",
            "right": 0,
            "top": 0,
          },
        ]
      }
    />
    <Text
      allowFontScaling={false}
      style={
        Array [
          Object {
            "color": "rgb(255, 255, 255)",
            "fontFamily": "sans-serif",
            "fontSize": 14,
            "fontWeight": "400",
            "letterSpacing": 0,
            "textAlign": "left",
          },
          Object {
            "fontFamily": "sans-serif-medium",
          },
          Array [
            Object {
              "color": "rgb(255, 255, 255)",
            },
          ],
        ]
      }
    >
      123€
    </Text>
  </View>
</AIRMapMarker>
`;

exports[`Android light mode light mode should render correctly 1`] = `
<AIRMapMarker
  coordinate={
    Object {
      "latitude": 52.516379,
      "longitude": 13.378026,
    }
  }
  onPress={[Function]}
  stopPropagation={false}
  style={
    Array [
      Object {
        "backgroundColor": "transparent",
        "position": "absolute",
      },
      undefined,
    ]
  }
  tracksViewChanges={false}
  zIndex={null}
>
  <View
    style={
      Array [
        Object {
          "paddingHorizontal": 8,
          "paddingVertical": 4,
          "shadowColor": undefined,
          "shadowOffset": Object {
            "height": undefined,
            "width": undefined,
          },
          "shadowOpacity": undefined,
          "shadowRadius": undefined,
        },
      ]
    }
  >
    <View
      style={
        Array [
          Object {
            "backgroundColor": "rgb(0, 98, 227)",
            "borderRadius": 4,
            "bottom": -4,
            "height": 16,
            "left": "50%",
            "position": "absolute",
            "transform": Array [
              Object {
                "rotate": "45deg",
              },
            ],
            "width": 16,
          },
        ]
      }
    />
    <View
      style={
        Array [
          Object {
            "backgroundColor": "rgb(0, 98, 227)",
            "borderRadius": 4,
            "bottom": 0,
            "left": 0,
            "position": "absolute",
            "right": 0,
            "top": 0,
          },
        ]
      }
    />
    <Text
      allowFontScaling={false}
      style={
        Array [
          Object {
            "color": "rgb(22, 22, 22)",
            "fontFamily": "sans-serif",
            "fontSize": 14,
            "fontWeight": "400",
            "letterSpacing": 0,
            "textAlign": "left",
          },
          Object {
            "fontFamily": "sans-serif-medium",
          },
          Array [
            Object {
              "color": "rgb(255, 255, 255)",
            },
          ],
        ]
      }
    >
      123€
    </Text>
  </View>
</AIRMapMarker>
`;

exports[`Android light mode light mode should render correctly with disabled={true} 1`] = `
<AIRMapMarker
  coordinate={
    Object {
      "latitude": 52.516379,
      "longitude": 13.378026,
    }
  }
  onPress={[Function]}
  stopPropagation={false}
  style={
    Array [
      Object {
        "backgroundColor": "transparent",
        "position": "absolute",
      },
      undefined,
    ]
  }
  tracksViewChanges={false}
  zIndex={null}
>
  <View
    style={
      Array [
        Object {
          "paddingHorizontal": 8,
          "paddingVertical": 4,
          "shadowColor": undefined,
          "shadowOffset": Object {
            "height": undefined,
            "width": undefined,
          },
          "shadowOpacity": undefined,
          "shadowRadius": undefined,
        },
      ]
    }
  >
    <View
      style={
        Array [
          Object {
            "backgroundColor": "rgb(0, 98, 227)",
            "borderRadius": 4,
            "bottom": -4,
            "height": 16,
            "left": "50%",
            "position": "absolute",
            "transform": Array [
              Object {
                "rotate": "45deg",
              },
            ],
            "width": 16,
          },
          Object {
            "backgroundColor": "rgb(255, 255, 255)",
          },
        ]
      }
    />
    <View
      style={
        Array [
          Object {
            "backgroundColor": "rgb(0, 98, 227)",
            "borderRadius": 4,
            "bottom": 0,
            "left": 0,
            "position": "absolute",
            "right": 0,
            "top": 0,
          },
          Object {
            "backgroundColor": "rgb(255, 255, 255)",
          },
        ]
      }
    />
    <Text
      allowFontScaling={false}
      style={
        Array [
          Object {
            "color": "rgb(22, 22, 22)",
            "fontFamily": "sans-serif",
            "fontSize": 14,
            "fontWeight": "400",
            "letterSpacing": 0,
            "textAlign": "left",
          },
          Object {
            "fontFamily": "sans-serif-medium",
          },
          Array [
            Object {
              "color": "rgb(255, 255, 255)",
            },
            Object {
              "color": "rgb(194, 201, 205)",
            },
          ],
        ]
      }
    >
      123€
    </Text>
  </View>
</AIRMapMarker>
`;

exports[`Android light mode light mode should render correctly with status=default 1`] = `
<AIRMapMarker
  coordinate={
    Object {
      "latitude": 52.516379,
      "longitude": 13.378026,
    }
  }
  onPress={[Function]}
  stopPropagation={false}
  style={
    Array [
      Object {
        "backgroundColor": "transparent",
        "position": "absolute",
      },
      undefined,
    ]
  }
  tracksViewChanges={false}
  zIndex={null}
>
  <View
    style={
      Array [
        Object {
          "paddingHorizontal": 8,
          "paddingVertical": 4,
          "shadowColor": undefined,
          "shadowOffset": Object {
            "height": undefined,
            "width": undefined,
          },
          "shadowOpacity": undefined,
          "shadowRadius": undefined,
        },
      ]
    }
  >
    <View
      style={
        Array [
          Object {
            "backgroundColor": "rgb(0, 98, 227)",
            "borderRadius": 4,
            "bottom": -4,
            "height": 16,
            "left": "50%",
            "position": "absolute",
            "transform": Array [
              Object {
                "rotate": "45deg",
              },
            ],
            "width": 16,
          },
        ]
      }
    />
    <View
      style={
        Array [
          Object {
            "backgroundColor": "rgb(0, 98, 227)",
            "borderRadius": 4,
            "bottom": 0,
            "left": 0,
            "position": "absolute",
            "right": 0,
            "top": 0,
          },
        ]
      }
    />
    <Text
      allowFontScaling={false}
      style={
        Array [
          Object {
            "color": "rgb(22, 22, 22)",
            "fontFamily": "sans-serif",
            "fontSize": 14,
            "fontWeight": "400",
            "letterSpacing": 0,
            "textAlign": "left",
          },
          Object {
            "fontFamily": "sans-serif-medium",
          },
          Array [
            Object {
              "color": "rgb(255, 255, 255)",
            },
          ],
        ]
      }
    >
      123€
    </Text>
  </View>
</AIRMapMarker>
`;

exports[`Android light mode light mode should render correctly with status=focused 1`] = `
<AIRMapMarker
  coordinate={
    Object {
      "latitude": 52.516379,
      "longitude": 13.378026,
    }
  }
  onPress={[Function]}
  stopPropagation={false}
  style={
    Array [
      Object {
        "backgroundColor": "transparent",
        "position": "absolute",
      },
      undefined,
    ]
  }
  tracksViewChanges={false}
  zIndex={null}
>
  <View
    style={
      Array [
        Object {
          "paddingHorizontal": 8,
          "paddingVertical": 4,
          "shadowColor": undefined,
          "shadowOffset": Object {
            "height": undefined,
            "width": undefined,
          },
          "shadowOpacity": undefined,
          "shadowRadius": undefined,
        },
        Object {
          "paddingVertical": 8,
        },
      ]
    }
  >
    <View
      style={
        Array [
          Object {
            "backgroundColor": "rgb(0, 98, 227)",
            "borderRadius": 4,
            "bottom": -4,
            "height": 16,
            "left": "50%",
            "position": "absolute",
            "transform": Array [
              Object {
                "rotate": "45deg",
              },
            ],
            "width": 16,
          },
          Object {
            "backgroundColor": "rgb(0, 98, 227)",
          },
        ]
      }
    />
    <View
      style={
        Array [
          Object {
            "backgroundColor": "rgb(0, 98, 227)",
            "borderRadius": 4,
            "bottom": 0,
            "left": 0,
            "position": "absolute",
            "right": 0,
            "top": 0,
          },
          Object {
            "backgroundColor": "rgb(255, 255, 255)",
            "borderColor": "rgb(0, 98, 227)",
            "borderWidth": 2,
          },
        ]
      }
    />
    <Text
      allowFontScaling={false}
      style={
        Array [
          Object {
            "color": "rgb(22, 22, 22)",
            "fontFamily": "sans-serif",
            "fontSize": 16,
            "fontWeight": "400",
            "letterSpacing": -0.2,
            "textAlign": "left",
          },
          Object {
            "fontFamily": "sans-serif-medium",
          },
          Array [
            Object {
              "color": "rgb(255, 255, 255)",
            },
            Object {
              "color": "rgb(0, 98, 227)",
            },
          ],
        ]
      }
    >
      123€
    </Text>
  </View>
</AIRMapMarker>
`;

exports[`Android light mode light mode should render correctly with status=viewed 1`] = `
<AIRMapMarker
  coordinate={
    Object {
      "latitude": 52.516379,
      "longitude": 13.378026,
    }
  }
  onPress={[Function]}
  stopPropagation={false}
  style={
    Array [
      Object {
        "backgroundColor": "transparent",
        "position": "absolute",
      },
      undefined,
    ]
  }
  tracksViewChanges={false}
  zIndex={null}
>
  <View
    style={
      Array [
        Object {
          "paddingHorizontal": 8,
          "paddingVertical": 4,
          "shadowColor": undefined,
          "shadowOffset": Object {
            "height": undefined,
            "width": undefined,
          },
          "shadowOpacity": undefined,
          "shadowRadius": undefined,
        },
      ]
    }
  >
    <View
      style={
        Array [
          Object {
            "backgroundColor": "rgb(0, 98, 227)",
            "borderRadius": 4,
            "bottom": -4,
            "height": 16,
            "left": "50%",
            "position": "absolute",
            "transform": Array [
              Object {
                "rotate": "45deg",
              },
            ],
            "width": 16,
          },
          Object {
            "backgroundColor": "rgb(224, 227, 229)",
          },
        ]
      }
    />
    <View
      style={
        Array [
          Object {
            "backgroundColor": "rgb(0, 98, 227)",
            "borderRadius": 4,
            "bottom": 0,
            "left": 0,
            "position": "absolute",
            "right": 0,
            "top": 0,
          },
          Object {
            "backgroundColor": "rgb(224, 227, 229)",
          },
        ]
      }
    />
    <Text
      allowFontScaling={false}
      style={
        Array [
          Object {
            "color": "rgb(22, 22, 22)",
            "fontFamily": "sans-serif",
            "fontSize": 14,
            "fontWeight": "400",
            "letterSpacing": 0,
            "textAlign": "left",
          },
          Object {
            "fontFamily": "sans-serif-medium",
          },
          Array [
            Object {
              "color": "rgb(255, 255, 255)",
            },
            Object {
              "color": "rgb(0, 98, 227)",
            },
          ],
        ]
      }
    >
      123€
    </Text>
  </View>
</AIRMapMarker>
`;

exports[`Android light mode light mode should render correctly with zIndex 1`] = `
<AIRMapMarker
  coordinate={
    Object {
      "latitude": 52.516379,
      "longitude": 13.378026,
    }
  }
  onPress={[Function]}
  stopPropagation={false}
  style={
    Array [
      Object {
        "backgroundColor": "transparent",
        "position": "absolute",
      },
      undefined,
    ]
  }
  tracksViewChanges={false}
  zIndex={1000}
>
  <View
    style={
      Array [
        Object {
          "paddingHorizontal": 8,
          "paddingVertical": 4,
          "shadowColor": undefined,
          "shadowOffset": Object {
            "height": undefined,
            "width": undefined,
          },
          "shadowOpacity": undefined,
          "shadowRadius": undefined,
        },
      ]
    }
  >
    <View
      style={
        Array [
          Object {
            "backgroundColor": "rgb(0, 98, 227)",
            "borderRadius": 4,
            "bottom": -4,
            "height": 16,
            "left": "50%",
            "position": "absolute",
            "transform": Array [
              Object {
                "rotate": "45deg",
              },
            ],
            "width": 16,
          },
        ]
      }
    />
    <View
      style={
        Array [
          Object {
            "backgroundColor": "rgb(0, 98, 227)",
            "borderRadius": 4,
            "bottom": 0,
            "left": 0,
            "position": "absolute",
            "right": 0,
            "top": 0,
          },
        ]
      }
    />
    <Text
      allowFontScaling={false}
      style={
        Array [
          Object {
            "color": "rgb(22, 22, 22)",
            "fontFamily": "sans-serif",
            "fontSize": 14,
            "fontWeight": "400",
            "letterSpacing": 0,
            "textAlign": "left",
          },
          Object {
            "fontFamily": "sans-serif-medium",
          },
          Array [
            Object {
              "color": "rgb(255, 255, 255)",
            },
          ],
        ]
      }
    >
      123€
    </Text>
  </View>
</AIRMapMarker>
`;
