// Jest Snapshot v1, https://goo.gl/fbAQLP

exports[`Android API levels Android API<21 should render without ripple 1`] = `
<View
  style={
    Array [
      Object {
        "elevation": 2,
        "overflow": "hidden",
      },
      Object {
        "borderRadius": 8,
      },
    ]
  }
>
  <View
    accessibilityLabel="Lorem ipsum"
    accessibilityRole="button"
    accessibilityStates={Array []}
    accessible={true}
    focusable={true}
    isTVSelectable={true}
    nativeBackgroundAndroid={
      Object {
        "attribute": "selectableItemBackground",
        "type": "ThemeAttrAndroid",
      }
    }
    onClick={[Function]}
    onResponderGrant={[Function]}
    onResponderMove={[Function]}
    onResponderRelease={[Function]}
    onResponderTerminate={[Function]}
    onResponderTerminationRequest={[Function]}
    onStartShouldSetResponder={[Function]}
    style={
      Array [
        Object {
          "alignItems": "center",
          "flexDirection": "row",
          "justifyContent": "center",
          "paddingHorizontal": 12,
          "paddingVertical": 8,
        },
        Object {
          "backgroundColor": "rgb(0, 166, 152)",
          "borderRadius": 8,
        },
        Object {
          "flexDirection": "row-reverse",
        },
      ]
    }
  >
    <Text
      allowFontScaling={false}
      style={
        Array [
          Object {
            "color": "rgb(17, 18, 54)",
            "fontFamily": "sans-serif",
            "fontSize": 14,
            "fontWeight": "400",
            "letterSpacing": 0,
            "textAlign": "left",
          },
          Object {
            "fontFamily": "sans-serif-medium",
          },
          Array [
            Object {
              "lineHeight": 20,
            },
            Object {
              "color": "rgb(255, 255, 255)",
            },
          ],
        ]
      }
    >
      LOREM IPSUM
    </Text>
  </View>
</View>
`;

exports[`Android API levels Android API>=21 should render with ripple 1`] = `
<View
  style={
    Array [
      Object {
        "elevation": 2,
        "overflow": "hidden",
      },
      Object {
        "borderRadius": 8,
      },
    ]
  }
>
  <View
    accessibilityLabel="Lorem ipsum"
    accessibilityRole="button"
    accessibilityStates={Array []}
    accessible={true}
    focusable={true}
    isTVSelectable={true}
    nativeBackgroundAndroid={
      Object {
        "borderless": true,
        "color": null,
        "type": "RippleAndroid",
      }
    }
    onClick={[Function]}
    onResponderGrant={[Function]}
    onResponderMove={[Function]}
    onResponderRelease={[Function]}
    onResponderTerminate={[Function]}
    onResponderTerminationRequest={[Function]}
    onStartShouldSetResponder={[Function]}
    style={
      Array [
        Object {
          "alignItems": "center",
          "flexDirection": "row",
          "justifyContent": "center",
          "paddingHorizontal": 12,
          "paddingVertical": 8,
        },
        Object {
          "backgroundColor": "rgb(0, 166, 152)",
          "borderRadius": 8,
        },
        Object {
          "flexDirection": "row-reverse",
        },
      ]
    }
  >
    <Text
      allowFontScaling={false}
      style={
        Array [
          Object {
            "color": "rgb(17, 18, 54)",
            "fontFamily": "sans-serif",
            "fontSize": 14,
            "fontWeight": "400",
            "letterSpacing": 0,
            "textAlign": "left",
          },
          Object {
            "fontFamily": "sans-serif-medium",
          },
          Array [
            Object {
              "lineHeight": 20,
            },
            Object {
              "color": "rgb(255, 255, 255)",
            },
          ],
        ]
      }
    >
      LOREM IPSUM
    </Text>
  </View>
</View>
`;

exports[`Android BpkButton dark mode should render correctly 1`] = `
<View
  style={
    Array [
      Object {
        "elevation": 2,
        "overflow": "hidden",
      },
      Object {
        "borderRadius": 8,
      },
    ]
  }
>
  <View
    accessibilityLabel="Lorem ipsum"
    accessibilityRole="button"
    accessibilityStates={Array []}
    accessible={true}
    focusable={true}
    isTVSelectable={true}
    nativeBackgroundAndroid={
      Object {
        "borderless": true,
        "color": -9934465,
        "type": "RippleAndroid",
      }
    }
    onClick={[Function]}
    onResponderGrant={[Function]}
    onResponderMove={[Function]}
    onResponderRelease={[Function]}
    onResponderTerminate={[Function]}
    onResponderTerminationRequest={[Function]}
    onStartShouldSetResponder={[Function]}
    style={
      Array [
        Object {
          "alignItems": "center",
          "flexDirection": "row",
          "justifyContent": "center",
          "paddingHorizontal": 12,
          "paddingVertical": 8,
        },
        Object {
          "backgroundColor": "rgb(0, 166, 152)",
          "borderRadius": 8,
        },
        Object {
          "flexDirection": "row-reverse",
        },
      ]
    }
  >
    <Text
      allowFontScaling={false}
      style={
        Array [
          Object {
            "color": "rgb(255, 255, 255)",
            "fontFamily": "sans-serif",
            "fontSize": 14,
            "fontWeight": "400",
            "letterSpacing": 0,
            "textAlign": "left",
          },
          Object {
            "fontFamily": "sans-serif-medium",
          },
          Array [
            Object {
              "lineHeight": 20,
            },
            Object {
              "color": "rgb(255, 255, 255)",
            },
          ],
        ]
      }
    >
      LOREM IPSUM
    </Text>
  </View>
</View>
`;

exports[`Android BpkButton dark mode should render correctly with type="destructive" 1`] = `
<View
  style={
    Array [
      Object {
        "overflow": "hidden",
      },
      Object {
        "borderRadius": 8,
      },
      null,
    ]
  }
>
  <View
    accessibilityLabel="Lorem ipsum"
    accessibilityRole="button"
    accessibilityStates={Array []}
    accessible={true}
    focusable={true}
    isTVSelectable={true}
    nativeBackgroundAndroid={
      Object {
        "borderless": true,
        "color": -9934465,
        "type": "RippleAndroid",
      }
    }
    onClick={[Function]}
    onResponderGrant={[Function]}
    onResponderMove={[Function]}
    onResponderRelease={[Function]}
    onResponderTerminate={[Function]}
    onResponderTerminationRequest={[Function]}
    onStartShouldSetResponder={[Function]}
    style={
      Array [
        Object {
          "alignItems": "center",
          "borderWidth": 2,
          "flexDirection": "row",
          "justifyContent": "center",
          "paddingHorizontal": 10,
          "paddingVertical": 6,
        },
        Object {
          "backgroundColor": "rgb(44, 44, 46)",
          "borderColor": "rgb(104, 105, 127)",
          "borderRadius": 8,
        },
        Object {
          "flexDirection": "row-reverse",
        },
      ]
    }
  >
    <Text
      allowFontScaling={false}
      style={
        Array [
          Object {
            "color": "rgb(255, 255, 255)",
            "fontFamily": "sans-serif",
            "fontSize": 14,
            "fontWeight": "400",
            "letterSpacing": 0,
            "textAlign": "left",
          },
          Object {
            "fontFamily": "sans-serif-medium",
          },
          Array [
            Object {
              "lineHeight": 20,
            },
            Object {
              "color": "rgb(209, 67, 91)",
            },
          ],
        ]
      }
    >
      LOREM IPSUM
    </Text>
  </View>
</View>
`;

exports[`Android BpkButton dark mode should render correctly with type="destructive" and disabled 1`] = `
<View
  style={
    Array [
      Object {
        "overflow": "hidden",
      },
      Object {
        "borderRadius": 8,
      },
      null,
    ]
  }
>
  <View
    accessibilityLabel="Lorem ipsum"
    accessibilityRole="button"
    accessibilityStates={
      Array [
        "disabled",
      ]
    }
    accessible={true}
    focusable={false}
    isTVSelectable={true}
    nativeBackgroundAndroid={
      Object {
        "borderless": true,
        "color": -9934465,
        "type": "RippleAndroid",
      }
    }
    onClick={[Function]}
    onResponderGrant={[Function]}
    onResponderMove={[Function]}
    onResponderRelease={[Function]}
    onResponderTerminate={[Function]}
    onResponderTerminationRequest={[Function]}
    onStartShouldSetResponder={[Function]}
    style={
      Array [
        Object {
          "alignItems": "center",
          "borderWidth": 2,
          "flexDirection": "row",
          "justifyContent": "center",
          "paddingHorizontal": 10,
          "paddingVertical": 6,
        },
        Object {
          "backgroundColor": "rgb(72, 72, 74)",
          "borderColor": "rgb(72, 72, 74)",
          "borderRadius": 8,
        },
        Object {
          "flexDirection": "row-reverse",
        },
      ]
    }
  >
    <Text
      allowFontScaling={false}
      style={
        Array [
          Object {
            "color": "rgb(255, 255, 255)",
            "fontFamily": "sans-serif",
            "fontSize": 14,
            "fontWeight": "400",
            "letterSpacing": 0,
            "textAlign": "left",
          },
          Object {
            "fontFamily": "sans-serif-medium",
          },
          Array [
            Object {
              "lineHeight": 20,
            },
            Object {
              "color": "rgb(142, 142, 147)",
            },
          ],
        ]
      }
    >
      LOREM IPSUM
    </Text>
  </View>
</View>
`;

exports[`Android BpkButton dark mode should render correctly with type="featured" 1`] = `
<View
  style={
    Array [
      Object {
        "elevation": 2,
        "overflow": "hidden",
      },
      Object {
        "borderRadius": 8,
      },
    ]
  }
>
  <View
    accessibilityLabel="Lorem ipsum"
    accessibilityRole="button"
    accessibilityStates={Array []}
    accessible={true}
    focusable={true}
    isTVSelectable={true}
    nativeBackgroundAndroid={
      Object {
        "borderless": true,
        "color": -9934465,
        "type": "RippleAndroid",
      }
    }
    onClick={[Function]}
    onResponderGrant={[Function]}
    onResponderMove={[Function]}
    onResponderRelease={[Function]}
    onResponderTerminate={[Function]}
    onResponderTerminationRequest={[Function]}
    onStartShouldSetResponder={[Function]}
    style={
      Array [
        Object {
          "alignItems": "center",
          "flexDirection": "row",
          "justifyContent": "center",
          "paddingHorizontal": 12,
          "paddingVertical": 8,
        },
        Object {
          "backgroundColor": "rgb(7, 112, 227)",
          "borderRadius": 8,
        },
        Object {
          "flexDirection": "row-reverse",
        },
      ]
    }
  >
    <Text
      allowFontScaling={false}
      style={
        Array [
          Object {
            "color": "rgb(255, 255, 255)",
            "fontFamily": "sans-serif",
            "fontSize": 14,
            "fontWeight": "400",
            "letterSpacing": 0,
            "textAlign": "left",
          },
          Object {
            "fontFamily": "sans-serif-medium",
          },
          Array [
            Object {
              "lineHeight": 20,
            },
            Object {
              "color": "rgb(255, 255, 255)",
            },
          ],
        ]
      }
    >
      LOREM IPSUM
    </Text>
  </View>
</View>
`;

exports[`Android BpkButton dark mode should render correctly with type="featured" and disabled 1`] = `
<View
  style={
    Array [
      Object {
        "elevation": 2,
        "overflow": "hidden",
      },
      Object {
        "borderRadius": 8,
      },
      Object {
        "elevation": 0,
      },
    ]
  }
>
  <View
    accessibilityLabel="Lorem ipsum"
    accessibilityRole="button"
    accessibilityStates={
      Array [
        "disabled",
      ]
    }
    accessible={true}
    focusable={false}
    isTVSelectable={true}
    nativeBackgroundAndroid={
      Object {
        "borderless": true,
        "color": -9934465,
        "type": "RippleAndroid",
      }
    }
    onClick={[Function]}
    onResponderGrant={[Function]}
    onResponderMove={[Function]}
    onResponderRelease={[Function]}
    onResponderTerminate={[Function]}
    onResponderTerminationRequest={[Function]}
    onStartShouldSetResponder={[Function]}
    style={
      Array [
        Object {
          "alignItems": "center",
          "flexDirection": "row",
          "justifyContent": "center",
          "paddingHorizontal": 12,
          "paddingVertical": 8,
        },
        Object {
          "backgroundColor": "rgb(72, 72, 74)",
          "borderRadius": 8,
        },
        Object {
          "flexDirection": "row-reverse",
        },
      ]
    }
  >
    <Text
      allowFontScaling={false}
      style={
        Array [
          Object {
            "color": "rgb(255, 255, 255)",
            "fontFamily": "sans-serif",
            "fontSize": 14,
            "fontWeight": "400",
            "letterSpacing": 0,
            "textAlign": "left",
          },
          Object {
            "fontFamily": "sans-serif-medium",
          },
          Array [
            Object {
              "lineHeight": 20,
            },
            Object {
              "color": "rgb(142, 142, 147)",
            },
          ],
        ]
      }
    >
      LOREM IPSUM
    </Text>
  </View>
</View>
`;

exports[`Android BpkButton dark mode should render correctly with type="outline" 1`] = `
<View
  style={
    Array [
      Object {
        "overflow": "hidden",
      },
      Object {
        "borderRadius": 8,
      },
      null,
    ]
  }
>
  <View
    accessibilityLabel="Lorem ipsum"
    accessibilityRole="button"
    accessibilityStates={Array []}
    accessible={true}
    focusable={true}
    isTVSelectable={true}
    nativeBackgroundAndroid={
      Object {
        "borderless": true,
        "color": -9934465,
        "type": "RippleAndroid",
      }
    }
    onClick={[Function]}
    onResponderGrant={[Function]}
    onResponderMove={[Function]}
    onResponderRelease={[Function]}
    onResponderTerminate={[Function]}
    onResponderTerminationRequest={[Function]}
    onStartShouldSetResponder={[Function]}
    style={
      Array [
        Object {
          "alignItems": "center",
          "borderWidth": 2,
          "flexDirection": "row",
          "justifyContent": "center",
          "paddingHorizontal": 10,
          "paddingVertical": 6,
        },
        Object {
          "backgroundColor": "transparent",
          "borderColor": "rgb(255, 255, 255)",
          "borderRadius": 8,
        },
        Object {
          "flexDirection": "row-reverse",
        },
      ]
    }
  >
    <Text
      allowFontScaling={false}
      style={
        Array [
          Object {
            "color": "rgb(255, 255, 255)",
            "fontFamily": "sans-serif",
            "fontSize": 14,
            "fontWeight": "400",
            "letterSpacing": 0,
            "textAlign": "left",
          },
          Object {
            "fontFamily": "sans-serif-medium",
          },
          Array [
            Object {
              "lineHeight": 20,
            },
            Object {
              "color": "rgb(255, 255, 255)",
            },
          ],
        ]
      }
    >
      LOREM IPSUM
    </Text>
  </View>
</View>
`;

exports[`Android BpkButton dark mode should render correctly with type="outline" and disabled 1`] = `
<View
  style={
    Array [
      Object {
        "overflow": "hidden",
      },
      Object {
        "borderRadius": 8,
      },
      null,
    ]
  }
>
  <View
    accessibilityLabel="Lorem ipsum"
    accessibilityRole="button"
    accessibilityStates={
      Array [
        "disabled",
      ]
    }
    accessible={true}
    focusable={false}
    isTVSelectable={true}
    nativeBackgroundAndroid={
      Object {
        "borderless": true,
        "color": -9934465,
        "type": "RippleAndroid",
      }
    }
    onClick={[Function]}
    onResponderGrant={[Function]}
    onResponderMove={[Function]}
    onResponderRelease={[Function]}
    onResponderTerminate={[Function]}
    onResponderTerminationRequest={[Function]}
    onStartShouldSetResponder={[Function]}
    style={
      Array [
        Object {
          "alignItems": "center",
          "borderWidth": 2,
          "flexDirection": "row",
          "justifyContent": "center",
          "paddingHorizontal": 10,
          "paddingVertical": 6,
        },
        Object {
          "backgroundColor": "rgb(72, 72, 74)",
          "borderColor": "rgb(72, 72, 74)",
          "borderRadius": 8,
        },
        Object {
          "flexDirection": "row-reverse",
        },
      ]
    }
  >
    <Text
      allowFontScaling={false}
      style={
        Array [
          Object {
            "color": "rgb(255, 255, 255)",
            "fontFamily": "sans-serif",
            "fontSize": 14,
            "fontWeight": "400",
            "letterSpacing": 0,
            "textAlign": "left",
          },
          Object {
            "fontFamily": "sans-serif-medium",
          },
          Array [
            Object {
              "lineHeight": 20,
            },
            Object {
              "color": "rgb(142, 142, 147)",
            },
          ],
        ]
      }
    >
      LOREM IPSUM
    </Text>
  </View>
</View>
`;

exports[`Android BpkButton dark mode should render correctly with type="primary" 1`] = `
<View
  style={
    Array [
      Object {
        "elevation": 2,
        "overflow": "hidden",
      },
      Object {
        "borderRadius": 8,
      },
    ]
  }
>
  <View
    accessibilityLabel="Lorem ipsum"
    accessibilityRole="button"
    accessibilityStates={Array []}
    accessible={true}
    focusable={true}
    isTVSelectable={true}
    nativeBackgroundAndroid={
      Object {
        "borderless": true,
        "color": -9934465,
        "type": "RippleAndroid",
      }
    }
    onClick={[Function]}
    onResponderGrant={[Function]}
    onResponderMove={[Function]}
    onResponderRelease={[Function]}
    onResponderTerminate={[Function]}
    onResponderTerminationRequest={[Function]}
    onStartShouldSetResponder={[Function]}
    style={
      Array [
        Object {
          "alignItems": "center",
          "flexDirection": "row",
          "justifyContent": "center",
          "paddingHorizontal": 12,
          "paddingVertical": 8,
        },
        Object {
          "backgroundColor": "rgb(0, 166, 152)",
          "borderRadius": 8,
        },
        Object {
          "flexDirection": "row-reverse",
        },
      ]
    }
  >
    <Text
      allowFontScaling={false}
      style={
        Array [
          Object {
            "color": "rgb(255, 255, 255)",
            "fontFamily": "sans-serif",
            "fontSize": 14,
            "fontWeight": "400",
            "letterSpacing": 0,
            "textAlign": "left",
          },
          Object {
            "fontFamily": "sans-serif-medium",
          },
          Array [
            Object {
              "lineHeight": 20,
            },
            Object {
              "color": "rgb(255, 255, 255)",
            },
          ],
        ]
      }
    >
      LOREM IPSUM
    </Text>
  </View>
</View>
`;

exports[`Android BpkButton dark mode should render correctly with type="primary" and disabled 1`] = `
<View
  style={
    Array [
      Object {
        "elevation": 2,
        "overflow": "hidden",
      },
      Object {
        "borderRadius": 8,
      },
      Object {
        "elevation": 0,
      },
    ]
  }
>
  <View
    accessibilityLabel="Lorem ipsum"
    accessibilityRole="button"
    accessibilityStates={
      Array [
        "disabled",
      ]
    }
    accessible={true}
    focusable={false}
    isTVSelectable={true}
    nativeBackgroundAndroid={
      Object {
        "borderless": true,
        "color": -9934465,
        "type": "RippleAndroid",
      }
    }
    onClick={[Function]}
    onResponderGrant={[Function]}
    onResponderMove={[Function]}
    onResponderRelease={[Function]}
    onResponderTerminate={[Function]}
    onResponderTerminationRequest={[Function]}
    onStartShouldSetResponder={[Function]}
    style={
      Array [
        Object {
          "alignItems": "center",
          "flexDirection": "row",
          "justifyContent": "center",
          "paddingHorizontal": 12,
          "paddingVertical": 8,
        },
        Object {
          "backgroundColor": "rgb(72, 72, 74)",
          "borderRadius": 8,
        },
        Object {
          "flexDirection": "row-reverse",
        },
      ]
    }
  >
    <Text
      allowFontScaling={false}
      style={
        Array [
          Object {
            "color": "rgb(255, 255, 255)",
            "fontFamily": "sans-serif",
            "fontSize": 14,
            "fontWeight": "400",
            "letterSpacing": 0,
            "textAlign": "left",
          },
          Object {
            "fontFamily": "sans-serif-medium",
          },
          Array [
            Object {
              "lineHeight": 20,
            },
            Object {
              "color": "rgb(142, 142, 147)",
            },
          ],
        ]
      }
    >
      LOREM IPSUM
    </Text>
  </View>
</View>
`;

exports[`Android BpkButton dark mode should render correctly with type="secondary" 1`] = `
<View
  style={
    Array [
      Object {
        "overflow": "hidden",
      },
      Object {
        "borderRadius": 8,
      },
      null,
    ]
  }
>
  <View
    accessibilityLabel="Lorem ipsum"
    accessibilityRole="button"
    accessibilityStates={Array []}
    accessible={true}
    focusable={true}
    isTVSelectable={true}
    nativeBackgroundAndroid={
      Object {
        "borderless": true,
        "color": -9934465,
        "type": "RippleAndroid",
      }
    }
    onClick={[Function]}
    onResponderGrant={[Function]}
    onResponderMove={[Function]}
    onResponderRelease={[Function]}
    onResponderTerminate={[Function]}
    onResponderTerminationRequest={[Function]}
    onStartShouldSetResponder={[Function]}
    style={
      Array [
        Object {
          "alignItems": "center",
          "borderWidth": 2,
          "flexDirection": "row",
          "justifyContent": "center",
          "paddingHorizontal": 10,
          "paddingVertical": 6,
        },
        Object {
          "backgroundColor": "rgb(44, 44, 46)",
          "borderColor": "rgb(104, 105, 127)",
          "borderRadius": 8,
        },
        Object {
          "flexDirection": "row-reverse",
        },
      ]
    }
  >
    <Text
      allowFontScaling={false}
      style={
        Array [
          Object {
            "color": "rgb(255, 255, 255)",
            "fontFamily": "sans-serif",
            "fontSize": 14,
            "fontWeight": "400",
            "letterSpacing": 0,
            "textAlign": "left",
          },
          Object {
            "fontFamily": "sans-serif-medium",
          },
          Array [
            Object {
              "lineHeight": 20,
            },
            Object {
              "color": "rgb(109, 159, 235)",
            },
          ],
        ]
      }
    >
      LOREM IPSUM
    </Text>
  </View>
</View>
`;

exports[`Android BpkButton dark mode should render correctly with type="secondary" and disabled 1`] = `
<View
  style={
    Array [
      Object {
        "overflow": "hidden",
      },
      Object {
        "borderRadius": 8,
      },
      null,
    ]
  }
>
  <View
    accessibilityLabel="Lorem ipsum"
    accessibilityRole="button"
    accessibilityStates={
      Array [
        "disabled",
      ]
    }
    accessible={true}
    focusable={false}
    isTVSelectable={true}
    nativeBackgroundAndroid={
      Object {
        "borderless": true,
        "color": -9934465,
        "type": "RippleAndroid",
      }
    }
    onClick={[Function]}
    onResponderGrant={[Function]}
    onResponderMove={[Function]}
    onResponderRelease={[Function]}
    onResponderTerminate={[Function]}
    onResponderTerminationRequest={[Function]}
    onStartShouldSetResponder={[Function]}
    style={
      Array [
        Object {
          "alignItems": "center",
          "borderWidth": 2,
          "flexDirection": "row",
          "justifyContent": "center",
          "paddingHorizontal": 10,
          "paddingVertical": 6,
        },
        Object {
          "backgroundColor": "rgb(72, 72, 74)",
          "borderColor": "rgb(72, 72, 74)",
          "borderRadius": 8,
        },
        Object {
          "flexDirection": "row-reverse",
        },
      ]
    }
  >
    <Text
      allowFontScaling={false}
      style={
        Array [
          Object {
            "color": "rgb(255, 255, 255)",
            "fontFamily": "sans-serif",
            "fontSize": 14,
            "fontWeight": "400",
            "letterSpacing": 0,
            "textAlign": "left",
          },
          Object {
            "fontFamily": "sans-serif-medium",
          },
          Array [
            Object {
              "lineHeight": 20,
            },
            Object {
              "color": "rgb(142, 142, 147)",
            },
          ],
        ]
      }
    >
      LOREM IPSUM
    </Text>
  </View>
</View>
`;

exports[`Android BpkButton dark mode should support overwriting styles 1`] = `
<View
  style={
    Array [
      Object {
        "elevation": 2,
        "overflow": "hidden",
      },
      Object {
        "borderRadius": 8,
      },
      Object {
        "width": 4,
      },
    ]
  }
>
  <View
    accessibilityLabel="Lorem ipsum"
    accessibilityRole="button"
    accessibilityStates={Array []}
    accessible={true}
    focusable={true}
    isTVSelectable={true}
    nativeBackgroundAndroid={
      Object {
        "borderless": true,
        "color": -9934465,
        "type": "RippleAndroid",
      }
    }
    onClick={[Function]}
    onResponderGrant={[Function]}
    onResponderMove={[Function]}
    onResponderRelease={[Function]}
    onResponderTerminate={[Function]}
    onResponderTerminationRequest={[Function]}
    onStartShouldSetResponder={[Function]}
    style={
      Array [
        Object {
          "alignItems": "center",
          "flexDirection": "row",
          "justifyContent": "center",
          "paddingHorizontal": 12,
          "paddingVertical": 8,
        },
        Object {
          "backgroundColor": "rgb(0, 166, 152)",
          "borderRadius": 8,
        },
        Object {
          "flexDirection": "row-reverse",
        },
      ]
    }
  >
    <Text
      allowFontScaling={false}
      style={
        Array [
          Object {
            "color": "rgb(255, 255, 255)",
            "fontFamily": "sans-serif",
            "fontSize": 14,
            "fontWeight": "400",
            "letterSpacing": 0,
            "textAlign": "left",
          },
          Object {
            "fontFamily": "sans-serif-medium",
          },
          Array [
            Object {
              "lineHeight": 20,
            },
            Object {
              "color": "rgb(255, 255, 255)",
            },
          ],
        ]
      }
    >
      LOREM IPSUM
    </Text>
  </View>
</View>
`;

exports[`Android BpkButton dark mode should support the "disabled" property 1`] = `
<View
  style={
    Array [
      Object {
        "elevation": 2,
        "overflow": "hidden",
      },
      Object {
        "borderRadius": 8,
      },
      Object {
        "elevation": 0,
      },
    ]
  }
>
  <View
    accessibilityLabel="Lorem ipsum"
    accessibilityRole="button"
    accessibilityStates={
      Array [
        "disabled",
      ]
    }
    accessible={true}
    focusable={false}
    isTVSelectable={true}
    nativeBackgroundAndroid={
      Object {
        "borderless": true,
        "color": -9934465,
        "type": "RippleAndroid",
      }
    }
    onClick={[Function]}
    onResponderGrant={[Function]}
    onResponderMove={[Function]}
    onResponderRelease={[Function]}
    onResponderTerminate={[Function]}
    onResponderTerminationRequest={[Function]}
    onStartShouldSetResponder={[Function]}
    style={
      Array [
        Object {
          "alignItems": "center",
          "flexDirection": "row",
          "justifyContent": "center",
          "paddingHorizontal": 12,
          "paddingVertical": 8,
        },
        Object {
          "backgroundColor": "rgb(72, 72, 74)",
          "borderRadius": 8,
        },
        Object {
          "flexDirection": "row-reverse",
        },
      ]
    }
  >
    <Text
      allowFontScaling={false}
      style={
        Array [
          Object {
            "color": "rgb(255, 255, 255)",
            "fontFamily": "sans-serif",
            "fontSize": 14,
            "fontWeight": "400",
            "letterSpacing": 0,
            "textAlign": "left",
          },
          Object {
            "fontFamily": "sans-serif-medium",
          },
          Array [
            Object {
              "lineHeight": 20,
            },
            Object {
              "color": "rgb(142, 142, 147)",
            },
          ],
        ]
      }
    >
      LOREM IPSUM
    </Text>
  </View>
</View>
`;

exports[`Android BpkButton light mode should render correctly 1`] = `
<View
  style={
    Array [
      Object {
        "elevation": 2,
        "overflow": "hidden",
      },
      Object {
        "borderRadius": 8,
      },
    ]
  }
>
  <View
    accessibilityLabel="Lorem ipsum"
    accessibilityRole="button"
    accessibilityStates={Array []}
    accessible={true}
    focusable={true}
    isTVSelectable={true}
    nativeBackgroundAndroid={
      Object {
        "borderless": true,
        "color": null,
        "type": "RippleAndroid",
      }
    }
    onClick={[Function]}
    onResponderGrant={[Function]}
    onResponderMove={[Function]}
    onResponderRelease={[Function]}
    onResponderTerminate={[Function]}
    onResponderTerminationRequest={[Function]}
    onStartShouldSetResponder={[Function]}
    style={
      Array [
        Object {
          "alignItems": "center",
          "flexDirection": "row",
          "justifyContent": "center",
          "paddingHorizontal": 12,
          "paddingVertical": 8,
        },
        Object {
          "backgroundColor": "rgb(0, 166, 152)",
          "borderRadius": 8,
        },
        Object {
          "flexDirection": "row-reverse",
        },
      ]
    }
  >
    <Text
      allowFontScaling={false}
      style={
        Array [
          Object {
            "color": "rgb(17, 18, 54)",
            "fontFamily": "sans-serif",
            "fontSize": 14,
            "fontWeight": "400",
            "letterSpacing": 0,
            "textAlign": "left",
          },
          Object {
            "fontFamily": "sans-serif-medium",
          },
          Array [
            Object {
              "lineHeight": 20,
            },
            Object {
              "color": "rgb(255, 255, 255)",
            },
          ],
        ]
      }
    >
      LOREM IPSUM
    </Text>
  </View>
</View>
`;

exports[`Android BpkButton light mode should render correctly with type="destructive" 1`] = `
<View
  style={
    Array [
      Object {
        "overflow": "hidden",
      },
      Object {
        "borderRadius": 8,
      },
      null,
    ]
  }
>
  <View
    accessibilityLabel="Lorem ipsum"
    accessibilityRole="button"
    accessibilityStates={Array []}
    accessible={true}
    focusable={true}
    isTVSelectable={true}
    nativeBackgroundAndroid={
      Object {
        "borderless": true,
        "color": null,
        "type": "RippleAndroid",
      }
    }
    onClick={[Function]}
    onResponderGrant={[Function]}
    onResponderMove={[Function]}
    onResponderRelease={[Function]}
    onResponderTerminate={[Function]}
    onResponderTerminationRequest={[Function]}
    onStartShouldSetResponder={[Function]}
    style={
      Array [
        Object {
          "alignItems": "center",
          "borderWidth": 2,
          "flexDirection": "row",
          "justifyContent": "center",
          "paddingHorizontal": 10,
          "paddingVertical": 6,
        },
        Object {
          "backgroundColor": "rgb(255, 255, 255)",
          "borderColor": "rgb(221, 221, 229)",
          "borderRadius": 8,
        },
        Object {
          "flexDirection": "row-reverse",
        },
      ]
    }
  >
    <Text
      allowFontScaling={false}
      style={
        Array [
          Object {
            "color": "rgb(17, 18, 54)",
            "fontFamily": "sans-serif",
            "fontSize": 14,
            "fontWeight": "400",
            "letterSpacing": 0,
            "textAlign": "left",
          },
          Object {
            "fontFamily": "sans-serif-medium",
          },
          Array [
            Object {
              "lineHeight": 20,
            },
            Object {
              "color": "rgb(209, 67, 91)",
            },
          ],
        ]
      }
    >
      LOREM IPSUM
    </Text>
  </View>
</View>
`;

exports[`Android BpkButton light mode should render correctly with type="destructive" and disabled 1`] = `
<View
  style={
    Array [
      Object {
        "overflow": "hidden",
      },
      Object {
        "borderRadius": 8,
      },
      null,
    ]
  }
>
  <View
    accessibilityLabel="Lorem ipsum"
    accessibilityRole="button"
    accessibilityStates={
      Array [
        "disabled",
      ]
    }
    accessible={true}
    focusable={false}
    isTVSelectable={true}
    nativeBackgroundAndroid={
      Object {
        "borderless": true,
        "color": null,
        "type": "RippleAndroid",
      }
    }
    onClick={[Function]}
    onResponderGrant={[Function]}
    onResponderMove={[Function]}
    onResponderRelease={[Function]}
    onResponderTerminate={[Function]}
    onResponderTerminationRequest={[Function]}
    onStartShouldSetResponder={[Function]}
    style={
      Array [
        Object {
          "alignItems": "center",
          "borderWidth": 2,
          "flexDirection": "row",
          "justifyContent": "center",
          "paddingHorizontal": 10,
          "paddingVertical": 6,
        },
        Object {
          "backgroundColor": "rgb(221, 221, 229)",
          "borderColor": "rgb(221, 221, 229)",
          "borderRadius": 8,
        },
        Object {
          "flexDirection": "row-reverse",
        },
      ]
    }
  >
    <Text
      allowFontScaling={false}
      style={
        Array [
          Object {
            "color": "rgb(17, 18, 54)",
            "fontFamily": "sans-serif",
            "fontSize": 14,
            "fontWeight": "400",
            "letterSpacing": 0,
            "textAlign": "left",
          },
          Object {
            "fontFamily": "sans-serif-medium",
          },
          Array [
            Object {
              "lineHeight": 20,
            },
            Object {
              "color": "rgb(178, 178, 191)",
            },
          ],
        ]
      }
    >
      LOREM IPSUM
    </Text>
  </View>
</View>
`;

exports[`Android BpkButton light mode should render correctly with type="featured" 1`] = `
<View
  style={
    Array [
      Object {
        "elevation": 2,
        "overflow": "hidden",
      },
      Object {
        "borderRadius": 8,
      },
    ]
  }
>
  <View
    accessibilityLabel="Lorem ipsum"
    accessibilityRole="button"
    accessibilityStates={Array []}
    accessible={true}
    focusable={true}
    isTVSelectable={true}
    nativeBackgroundAndroid={
      Object {
        "borderless": true,
        "color": null,
        "type": "RippleAndroid",
      }
    }
    onClick={[Function]}
    onResponderGrant={[Function]}
    onResponderMove={[Function]}
    onResponderRelease={[Function]}
    onResponderTerminate={[Function]}
    onResponderTerminationRequest={[Function]}
    onStartShouldSetResponder={[Function]}
    style={
      Array [
        Object {
          "alignItems": "center",
          "flexDirection": "row",
          "justifyContent": "center",
          "paddingHorizontal": 12,
          "paddingVertical": 8,
        },
        Object {
          "backgroundColor": "rgb(7, 112, 227)",
          "borderRadius": 8,
        },
        Object {
          "flexDirection": "row-reverse",
        },
      ]
    }
  >
    <Text
      allowFontScaling={false}
      style={
        Array [
          Object {
            "color": "rgb(17, 18, 54)",
            "fontFamily": "sans-serif",
            "fontSize": 14,
            "fontWeight": "400",
            "letterSpacing": 0,
            "textAlign": "left",
          },
          Object {
            "fontFamily": "sans-serif-medium",
          },
          Array [
            Object {
              "lineHeight": 20,
            },
            Object {
              "color": "rgb(255, 255, 255)",
            },
          ],
        ]
      }
    >
      LOREM IPSUM
    </Text>
  </View>
</View>
`;

exports[`Android BpkButton light mode should render correctly with type="featured" and disabled 1`] = `
<View
  style={
    Array [
      Object {
        "elevation": 2,
        "overflow": "hidden",
      },
      Object {
        "borderRadius": 8,
      },
      Object {
        "elevation": 0,
      },
    ]
  }
>
  <View
    accessibilityLabel="Lorem ipsum"
    accessibilityRole="button"
    accessibilityStates={
      Array [
        "disabled",
      ]
    }
    accessible={true}
    focusable={false}
    isTVSelectable={true}
    nativeBackgroundAndroid={
      Object {
        "borderless": true,
        "color": null,
        "type": "RippleAndroid",
      }
    }
    onClick={[Function]}
    onResponderGrant={[Function]}
    onResponderMove={[Function]}
    onResponderRelease={[Function]}
    onResponderTerminate={[Function]}
    onResponderTerminationRequest={[Function]}
    onStartShouldSetResponder={[Function]}
    style={
      Array [
        Object {
          "alignItems": "center",
          "flexDirection": "row",
          "justifyContent": "center",
          "paddingHorizontal": 12,
          "paddingVertical": 8,
        },
        Object {
          "backgroundColor": "rgb(221, 221, 229)",
          "borderRadius": 8,
        },
        Object {
          "flexDirection": "row-reverse",
        },
      ]
    }
  >
    <Text
      allowFontScaling={false}
      style={
        Array [
          Object {
            "color": "rgb(17, 18, 54)",
            "fontFamily": "sans-serif",
            "fontSize": 14,
            "fontWeight": "400",
            "letterSpacing": 0,
            "textAlign": "left",
          },
          Object {
            "fontFamily": "sans-serif-medium",
          },
          Array [
            Object {
              "lineHeight": 20,
            },
            Object {
              "color": "rgb(178, 178, 191)",
            },
          ],
        ]
      }
    >
      LOREM IPSUM
    </Text>
  </View>
</View>
`;

exports[`Android BpkButton light mode should render correctly with type="outline" 1`] = `
<View
  style={
    Array [
      Object {
        "overflow": "hidden",
      },
      Object {
        "borderRadius": 8,
      },
      null,
    ]
  }
>
  <View
    accessibilityLabel="Lorem ipsum"
    accessibilityRole="button"
    accessibilityStates={Array []}
    accessible={true}
    focusable={true}
    isTVSelectable={true}
    nativeBackgroundAndroid={
      Object {
        "borderless": true,
        "color": null,
        "type": "RippleAndroid",
      }
    }
    onClick={[Function]}
    onResponderGrant={[Function]}
    onResponderMove={[Function]}
    onResponderRelease={[Function]}
    onResponderTerminate={[Function]}
    onResponderTerminationRequest={[Function]}
    onStartShouldSetResponder={[Function]}
    style={
      Array [
        Object {
          "alignItems": "center",
          "borderWidth": 2,
          "flexDirection": "row",
          "justifyContent": "center",
          "paddingHorizontal": 10,
          "paddingVertical": 6,
        },
        Object {
          "backgroundColor": "transparent",
          "borderColor": "rgb(255, 255, 255)",
          "borderRadius": 8,
        },
        Object {
          "flexDirection": "row-reverse",
        },
      ]
    }
  >
    <Text
      allowFontScaling={false}
      style={
        Array [
          Object {
            "color": "rgb(17, 18, 54)",
            "fontFamily": "sans-serif",
            "fontSize": 14,
            "fontWeight": "400",
            "letterSpacing": 0,
            "textAlign": "left",
          },
          Object {
            "fontFamily": "sans-serif-medium",
          },
          Array [
            Object {
              "lineHeight": 20,
            },
            Object {
              "color": "rgb(255, 255, 255)",
            },
          ],
        ]
      }
    >
      LOREM IPSUM
    </Text>
  </View>
</View>
`;

exports[`Android BpkButton light mode should render correctly with type="outline" and disabled 1`] = `
<View
  style={
    Array [
      Object {
        "overflow": "hidden",
      },
      Object {
        "borderRadius": 8,
      },
      null,
    ]
  }
>
  <View
    accessibilityLabel="Lorem ipsum"
    accessibilityRole="button"
    accessibilityStates={
      Array [
        "disabled",
      ]
    }
    accessible={true}
    focusable={false}
    isTVSelectable={true}
    nativeBackgroundAndroid={
      Object {
        "borderless": true,
        "color": null,
        "type": "RippleAndroid",
      }
    }
    onClick={[Function]}
    onResponderGrant={[Function]}
    onResponderMove={[Function]}
    onResponderRelease={[Function]}
    onResponderTerminate={[Function]}
    onResponderTerminationRequest={[Function]}
    onStartShouldSetResponder={[Function]}
    style={
      Array [
        Object {
          "alignItems": "center",
          "borderWidth": 2,
          "flexDirection": "row",
          "justifyContent": "center",
          "paddingHorizontal": 10,
          "paddingVertical": 6,
        },
        Object {
          "backgroundColor": "rgb(221, 221, 229)",
          "borderColor": "rgb(221, 221, 229)",
          "borderRadius": 8,
        },
        Object {
          "flexDirection": "row-reverse",
        },
      ]
    }
  >
    <Text
      allowFontScaling={false}
      style={
        Array [
          Object {
            "color": "rgb(17, 18, 54)",
            "fontFamily": "sans-serif",
            "fontSize": 14,
            "fontWeight": "400",
            "letterSpacing": 0,
            "textAlign": "left",
          },
          Object {
            "fontFamily": "sans-serif-medium",
          },
          Array [
            Object {
              "lineHeight": 20,
            },
            Object {
              "color": "rgb(178, 178, 191)",
            },
          ],
        ]
      }
    >
      LOREM IPSUM
    </Text>
  </View>
</View>
`;

exports[`Android BpkButton light mode should render correctly with type="primary" 1`] = `
<View
  style={
    Array [
      Object {
        "elevation": 2,
        "overflow": "hidden",
      },
      Object {
        "borderRadius": 8,
      },
    ]
  }
>
  <View
    accessibilityLabel="Lorem ipsum"
    accessibilityRole="button"
    accessibilityStates={Array []}
    accessible={true}
    focusable={true}
    isTVSelectable={true}
    nativeBackgroundAndroid={
      Object {
        "borderless": true,
        "color": null,
        "type": "RippleAndroid",
      }
    }
    onClick={[Function]}
    onResponderGrant={[Function]}
    onResponderMove={[Function]}
    onResponderRelease={[Function]}
    onResponderTerminate={[Function]}
    onResponderTerminationRequest={[Function]}
    onStartShouldSetResponder={[Function]}
    style={
      Array [
        Object {
          "alignItems": "center",
          "flexDirection": "row",
          "justifyContent": "center",
          "paddingHorizontal": 12,
          "paddingVertical": 8,
        },
        Object {
          "backgroundColor": "rgb(0, 166, 152)",
          "borderRadius": 8,
        },
        Object {
          "flexDirection": "row-reverse",
        },
      ]
    }
  >
    <Text
      allowFontScaling={false}
      style={
        Array [
          Object {
            "color": "rgb(17, 18, 54)",
            "fontFamily": "sans-serif",
            "fontSize": 14,
            "fontWeight": "400",
            "letterSpacing": 0,
            "textAlign": "left",
          },
          Object {
            "fontFamily": "sans-serif-medium",
          },
          Array [
            Object {
              "lineHeight": 20,
            },
            Object {
              "color": "rgb(255, 255, 255)",
            },
          ],
        ]
      }
    >
      LOREM IPSUM
    </Text>
  </View>
</View>
`;

exports[`Android BpkButton light mode should render correctly with type="primary" and disabled 1`] = `
<View
  style={
    Array [
      Object {
        "elevation": 2,
        "overflow": "hidden",
      },
      Object {
        "borderRadius": 8,
      },
      Object {
        "elevation": 0,
      },
    ]
  }
>
  <View
    accessibilityLabel="Lorem ipsum"
    accessibilityRole="button"
    accessibilityStates={
      Array [
        "disabled",
      ]
    }
    accessible={true}
    focusable={false}
    isTVSelectable={true}
    nativeBackgroundAndroid={
      Object {
        "borderless": true,
        "color": null,
        "type": "RippleAndroid",
      }
    }
    onClick={[Function]}
    onResponderGrant={[Function]}
    onResponderMove={[Function]}
    onResponderRelease={[Function]}
    onResponderTerminate={[Function]}
    onResponderTerminationRequest={[Function]}
    onStartShouldSetResponder={[Function]}
    style={
      Array [
        Object {
          "alignItems": "center",
          "flexDirection": "row",
          "justifyContent": "center",
          "paddingHorizontal": 12,
          "paddingVertical": 8,
        },
        Object {
          "backgroundColor": "rgb(221, 221, 229)",
          "borderRadius": 8,
        },
        Object {
          "flexDirection": "row-reverse",
        },
      ]
    }
  >
    <Text
      allowFontScaling={false}
      style={
        Array [
          Object {
            "color": "rgb(17, 18, 54)",
            "fontFamily": "sans-serif",
            "fontSize": 14,
            "fontWeight": "400",
            "letterSpacing": 0,
            "textAlign": "left",
          },
          Object {
            "fontFamily": "sans-serif-medium",
          },
          Array [
            Object {
              "lineHeight": 20,
            },
            Object {
              "color": "rgb(178, 178, 191)",
            },
          ],
        ]
      }
    >
      LOREM IPSUM
    </Text>
  </View>
</View>
`;

exports[`Android BpkButton light mode should render correctly with type="secondary" 1`] = `
<View
  style={
    Array [
      Object {
        "overflow": "hidden",
      },
      Object {
        "borderRadius": 8,
      },
      null,
    ]
  }
>
  <View
    accessibilityLabel="Lorem ipsum"
    accessibilityRole="button"
    accessibilityStates={Array []}
    accessible={true}
    focusable={true}
    isTVSelectable={true}
    nativeBackgroundAndroid={
      Object {
        "borderless": true,
        "color": null,
        "type": "RippleAndroid",
      }
    }
    onClick={[Function]}
    onResponderGrant={[Function]}
    onResponderMove={[Function]}
    onResponderRelease={[Function]}
    onResponderTerminate={[Function]}
    onResponderTerminationRequest={[Function]}
    onStartShouldSetResponder={[Function]}
    style={
      Array [
        Object {
          "alignItems": "center",
          "borderWidth": 2,
          "flexDirection": "row",
          "justifyContent": "center",
          "paddingHorizontal": 10,
          "paddingVertical": 6,
        },
        Object {
          "backgroundColor": "rgb(255, 255, 255)",
          "borderColor": "rgb(221, 221, 229)",
          "borderRadius": 8,
        },
        Object {
          "flexDirection": "row-reverse",
        },
      ]
    }
  >
    <Text
      allowFontScaling={false}
      style={
        Array [
          Object {
            "color": "rgb(17, 18, 54)",
            "fontFamily": "sans-serif",
            "fontSize": 14,
            "fontWeight": "400",
            "letterSpacing": 0,
            "textAlign": "left",
          },
          Object {
            "fontFamily": "sans-serif-medium",
          },
          Array [
            Object {
              "lineHeight": 20,
            },
            Object {
              "color": "rgb(7, 112, 227)",
            },
          ],
        ]
      }
    >
      LOREM IPSUM
    </Text>
  </View>
</View>
`;

exports[`Android BpkButton light mode should render correctly with type="secondary" and disabled 1`] = `
<View
  style={
    Array [
      Object {
        "overflow": "hidden",
      },
      Object {
        "borderRadius": 8,
      },
      null,
    ]
  }
>
  <View
    accessibilityLabel="Lorem ipsum"
    accessibilityRole="button"
    accessibilityStates={
      Array [
        "disabled",
      ]
    }
    accessible={true}
    focusable={false}
    isTVSelectable={true}
    nativeBackgroundAndroid={
      Object {
        "borderless": true,
        "color": null,
        "type": "RippleAndroid",
      }
    }
    onClick={[Function]}
    onResponderGrant={[Function]}
    onResponderMove={[Function]}
    onResponderRelease={[Function]}
    onResponderTerminate={[Function]}
    onResponderTerminationRequest={[Function]}
    onStartShouldSetResponder={[Function]}
    style={
      Array [
        Object {
          "alignItems": "center",
          "borderWidth": 2,
          "flexDirection": "row",
          "justifyContent": "center",
          "paddingHorizontal": 10,
          "paddingVertical": 6,
        },
        Object {
          "backgroundColor": "rgb(221, 221, 229)",
          "borderColor": "rgb(221, 221, 229)",
          "borderRadius": 8,
        },
        Object {
          "flexDirection": "row-reverse",
        },
      ]
    }
  >
    <Text
      allowFontScaling={false}
      style={
        Array [
          Object {
            "color": "rgb(17, 18, 54)",
            "fontFamily": "sans-serif",
            "fontSize": 14,
            "fontWeight": "400",
            "letterSpacing": 0,
            "textAlign": "left",
          },
          Object {
            "fontFamily": "sans-serif-medium",
          },
          Array [
            Object {
              "lineHeight": 20,
            },
            Object {
              "color": "rgb(178, 178, 191)",
            },
          ],
        ]
      }
    >
      LOREM IPSUM
    </Text>
  </View>
</View>
`;

exports[`Android BpkButton light mode should support overwriting styles 1`] = `
<View
  style={
    Array [
      Object {
        "elevation": 2,
        "overflow": "hidden",
      },
      Object {
        "borderRadius": 8,
      },
      Object {
        "width": 4,
      },
    ]
  }
>
  <View
    accessibilityLabel="Lorem ipsum"
    accessibilityRole="button"
    accessibilityStates={Array []}
    accessible={true}
    focusable={true}
    isTVSelectable={true}
    nativeBackgroundAndroid={
      Object {
        "borderless": true,
        "color": null,
        "type": "RippleAndroid",
      }
    }
    onClick={[Function]}
    onResponderGrant={[Function]}
    onResponderMove={[Function]}
    onResponderRelease={[Function]}
    onResponderTerminate={[Function]}
    onResponderTerminationRequest={[Function]}
    onStartShouldSetResponder={[Function]}
    style={
      Array [
        Object {
          "alignItems": "center",
          "flexDirection": "row",
          "justifyContent": "center",
          "paddingHorizontal": 12,
          "paddingVertical": 8,
        },
        Object {
          "backgroundColor": "rgb(0, 166, 152)",
          "borderRadius": 8,
        },
        Object {
          "flexDirection": "row-reverse",
        },
      ]
    }
  >
    <Text
      allowFontScaling={false}
      style={
        Array [
          Object {
            "color": "rgb(17, 18, 54)",
            "fontFamily": "sans-serif",
            "fontSize": 14,
            "fontWeight": "400",
            "letterSpacing": 0,
            "textAlign": "left",
          },
          Object {
            "fontFamily": "sans-serif-medium",
          },
          Array [
            Object {
              "lineHeight": 20,
            },
            Object {
              "color": "rgb(255, 255, 255)",
            },
          ],
        ]
      }
    >
      LOREM IPSUM
    </Text>
  </View>
</View>
`;

exports[`Android BpkButton light mode should support the "disabled" property 1`] = `
<View
  style={
    Array [
      Object {
        "elevation": 2,
        "overflow": "hidden",
      },
      Object {
        "borderRadius": 8,
      },
      Object {
        "elevation": 0,
      },
    ]
  }
>
  <View
    accessibilityLabel="Lorem ipsum"
    accessibilityRole="button"
    accessibilityStates={
      Array [
        "disabled",
      ]
    }
    accessible={true}
    focusable={false}
    isTVSelectable={true}
    nativeBackgroundAndroid={
      Object {
        "borderless": true,
        "color": null,
        "type": "RippleAndroid",
      }
    }
    onClick={[Function]}
    onResponderGrant={[Function]}
    onResponderMove={[Function]}
    onResponderRelease={[Function]}
    onResponderTerminate={[Function]}
    onResponderTerminationRequest={[Function]}
    onStartShouldSetResponder={[Function]}
    style={
      Array [
        Object {
          "alignItems": "center",
          "flexDirection": "row",
          "justifyContent": "center",
          "paddingHorizontal": 12,
          "paddingVertical": 8,
        },
        Object {
          "backgroundColor": "rgb(221, 221, 229)",
          "borderRadius": 8,
        },
        Object {
          "flexDirection": "row-reverse",
        },
      ]
    }
  >
    <Text
      allowFontScaling={false}
      style={
        Array [
          Object {
            "color": "rgb(17, 18, 54)",
            "fontFamily": "sans-serif",
            "fontSize": 14,
            "fontWeight": "400",
            "letterSpacing": 0,
            "textAlign": "left",
          },
          Object {
            "fontFamily": "sans-serif-medium",
          },
          Array [
            Object {
              "lineHeight": 20,
            },
            Object {
              "color": "rgb(178, 178, 191)",
            },
          ],
        ]
      }
    >
      LOREM IPSUM
    </Text>
  </View>
</View>
`;

exports[`Android BpkButton should render correctly with iconAlignment="leading" 1`] = `
<View
  style={
    Array [
      Object {
        "elevation": 2,
        "overflow": "hidden",
      },
      Object {
        "borderRadius": 8,
      },
    ]
  }
>
  <View
    accessibilityLabel="Lorem ipsum"
    accessibilityRole="button"
    accessibilityStates={Array []}
    accessible={true}
    focusable={true}
    isTVSelectable={true}
    nativeBackgroundAndroid={
      Object {
        "borderless": true,
        "color": null,
        "type": "RippleAndroid",
      }
    }
    onClick={[Function]}
    onResponderGrant={[Function]}
    onResponderMove={[Function]}
    onResponderRelease={[Function]}
    onResponderTerminate={[Function]}
    onResponderTerminationRequest={[Function]}
    onStartShouldSetResponder={[Function]}
    style={
      Array [
        Object {
          "alignItems": "center",
          "flexDirection": "row",
          "justifyContent": "center",
          "paddingHorizontal": 12,
          "paddingVertical": 8,
        },
        Object {
          "backgroundColor": "rgb(0, 166, 152)",
          "borderRadius": 8,
        },
      ]
    }
  >
    <Text
      allowFontScaling={false}
      style={
        Array [
          Object {
            "color": "rgb(17, 18, 54)",
            "fontFamily": "BpkIcon",
            "fontSize": 24,
            "includeFontPadding": false,
          },
          Object {
            "fontSize": 16,
          },
          Array [
            Object {
              "marginEnd": 4,
            },
            Object {
              "color": "rgb(255, 255, 255)",
            },
          ],
        ]
      }
    >
      
    </Text>
    <Text
      allowFontScaling={false}
      style={
        Array [
          Object {
            "color": "rgb(17, 18, 54)",
            "fontFamily": "sans-serif",
            "fontSize": 14,
            "fontWeight": "400",
            "letterSpacing": 0,
            "textAlign": "left",
          },
          Object {
            "fontFamily": "sans-serif-medium",
          },
          Array [
            Object {
              "lineHeight": 20,
            },
            Object {
              "color": "rgb(255, 255, 255)",
            },
          ],
        ]
      }
    >
      LOREM IPSUM
    </Text>
  </View>
</View>
`;

exports[`Android BpkButton should render correctly with iconAlignment="trailing" 1`] = `
<View
  style={
    Array [
      Object {
        "elevation": 2,
        "overflow": "hidden",
      },
      Object {
        "borderRadius": 8,
      },
    ]
  }
>
  <View
    accessibilityLabel="Lorem ipsum"
    accessibilityRole="button"
    accessibilityStates={Array []}
    accessible={true}
    focusable={true}
    isTVSelectable={true}
    nativeBackgroundAndroid={
      Object {
        "borderless": true,
        "color": null,
        "type": "RippleAndroid",
      }
    }
    onClick={[Function]}
    onResponderGrant={[Function]}
    onResponderMove={[Function]}
    onResponderRelease={[Function]}
    onResponderTerminate={[Function]}
    onResponderTerminationRequest={[Function]}
    onStartShouldSetResponder={[Function]}
    style={
      Array [
        Object {
          "alignItems": "center",
          "flexDirection": "row",
          "justifyContent": "center",
          "paddingHorizontal": 12,
          "paddingVertical": 8,
        },
        Object {
          "backgroundColor": "rgb(0, 166, 152)",
          "borderRadius": 8,
        },
        Object {
          "flexDirection": "row-reverse",
        },
      ]
    }
  >
    <Text
      allowFontScaling={false}
      style={
        Array [
          Object {
            "color": "rgb(17, 18, 54)",
            "fontFamily": "BpkIcon",
            "fontSize": 24,
            "includeFontPadding": false,
          },
          Object {
            "fontSize": 16,
          },
          Array [
            Object {
              "marginEnd": 4,
            },
            Object {
              "color": "rgb(255, 255, 255)",
            },
            Object {
              "marginEnd": 0,
              "marginStart": 4,
            },
          ],
        ]
      }
    >
      
    </Text>
    <Text
      allowFontScaling={false}
      style={
        Array [
          Object {
            "color": "rgb(17, 18, 54)",
            "fontFamily": "sans-serif",
            "fontSize": 14,
            "fontWeight": "400",
            "letterSpacing": 0,
            "textAlign": "left",
          },
          Object {
            "fontFamily": "sans-serif-medium",
          },
          Array [
            Object {
              "lineHeight": 20,
            },
            Object {
              "color": "rgb(255, 255, 255)",
            },
          ],
        ]
      }
    >
      LOREM IPSUM
    </Text>
  </View>
</View>
`;

exports[`Android BpkButton should support elements as icons 1`] = `
<View
  style={
    Array [
      Object {
        "elevation": 2,
        "overflow": "hidden",
      },
      Object {
        "borderRadius": 40,
      },
    ]
  }
>
  <View
    accessibilityLabel="Lorem ipsum"
    accessibilityRole="button"
    accessibilityStates={Array []}
    accessible={true}
    focusable={true}
    isTVSelectable={true}
    nativeBackgroundAndroid={
      Object {
        "borderless": true,
        "color": null,
        "type": "RippleAndroid",
      }
    }
    onClick={[Function]}
    onResponderGrant={[Function]}
    onResponderMove={[Function]}
    onResponderRelease={[Function]}
    onResponderTerminate={[Function]}
    onResponderTerminationRequest={[Function]}
    onStartShouldSetResponder={[Function]}
    style={
      Array [
        Object {
          "alignItems": "center",
          "flexDirection": "row",
          "justifyContent": "center",
          "paddingHorizontal": 12,
          "paddingVertical": 8,
        },
        Object {
          "backgroundColor": "rgb(0, 166, 152)",
          "borderRadius": 40,
        },
        Object {
          "flexDirection": "row-reverse",
        },
        Object {
          "paddingHorizontal": 10,
        },
      ]
    }
  >
    <Text
      allowFontScaling={false}
      style={
        Array [
          Object {
            "color": "rgb(17, 18, 54)",
            "fontFamily": "sans-serif",
            "fontSize": 16,
            "fontWeight": "400",
            "letterSpacing": -0.2,
            "textAlign": "left",
          },
          Object {},
          Array [
            undefined,
            Array [
              Object {
                "marginEnd": 4,
              },
              Object {
                "color": "rgb(255, 255, 255)",
              },
              Object {
                "marginEnd": 0,
                "marginStart": 4,
              },
              Object {
                "lineHeight": 20,
                "marginEnd": 0,
                "marginStart": 0,
              },
            ],
          ],
        ]
      }
    >
      foo
    </Text>
  </View>
</View>
`;

exports[`Android BpkButton should support having an icon as well as a title 1`] = `
<View
  style={
    Array [
      Object {
        "elevation": 2,
        "overflow": "hidden",
      },
      Object {
        "borderRadius": 8,
      },
    ]
  }
>
  <View
    accessibilityLabel="Lorem ipsum"
    accessibilityRole="button"
    accessibilityStates={Array []}
    accessible={true}
    focusable={true}
    isTVSelectable={true}
    nativeBackgroundAndroid={
      Object {
        "borderless": true,
        "color": null,
        "type": "RippleAndroid",
      }
    }
    onClick={[Function]}
    onResponderGrant={[Function]}
    onResponderMove={[Function]}
    onResponderRelease={[Function]}
    onResponderTerminate={[Function]}
    onResponderTerminationRequest={[Function]}
    onStartShouldSetResponder={[Function]}
    style={
      Array [
        Object {
          "alignItems": "center",
          "flexDirection": "row",
          "justifyContent": "center",
          "paddingHorizontal": 12,
          "paddingVertical": 8,
        },
        Object {
          "backgroundColor": "rgb(0, 166, 152)",
          "borderRadius": 8,
        },
        Object {
          "flexDirection": "row-reverse",
        },
      ]
    }
  >
    <Text
      allowFontScaling={false}
      style={
        Array [
          Object {
            "color": "rgb(17, 18, 54)",
            "fontFamily": "BpkIcon",
            "fontSize": 24,
            "includeFontPadding": false,
          },
          Object {
            "fontSize": 16,
          },
          Array [
            Object {
              "marginEnd": 4,
            },
            Object {
              "color": "rgb(255, 255, 255)",
            },
            Object {
              "marginEnd": 0,
              "marginStart": 4,
            },
          ],
        ]
      }
    >
      
    </Text>
    <Text
      allowFontScaling={false}
      style={
        Array [
          Object {
            "color": "rgb(17, 18, 54)",
            "fontFamily": "sans-serif",
            "fontSize": 14,
            "fontWeight": "400",
            "letterSpacing": 0,
            "textAlign": "left",
          },
          Object {
            "fontFamily": "sans-serif-medium",
          },
          Array [
            Object {
              "lineHeight": 20,
            },
            Object {
              "color": "rgb(255, 255, 255)",
            },
          ],
        ]
      }
    >
      LOREM IPSUM
    </Text>
  </View>
</View>
`;

exports[`Android BpkButton should support the "icon" property 1`] = `
<View
  style={
    Array [
      Object {
        "elevation": 2,
        "overflow": "hidden",
      },
      Object {
        "borderRadius": 8,
      },
    ]
  }
>
  <View
    accessibilityLabel="Lorem ipsum"
    accessibilityRole="button"
    accessibilityStates={Array []}
    accessible={true}
    focusable={true}
    isTVSelectable={true}
    nativeBackgroundAndroid={
      Object {
        "borderless": true,
        "color": null,
        "type": "RippleAndroid",
      }
    }
    onClick={[Function]}
    onResponderGrant={[Function]}
    onResponderMove={[Function]}
    onResponderRelease={[Function]}
    onResponderTerminate={[Function]}
    onResponderTerminationRequest={[Function]}
    onStartShouldSetResponder={[Function]}
    style={
      Array [
        Object {
          "alignItems": "center",
          "flexDirection": "row",
          "justifyContent": "center",
          "paddingHorizontal": 12,
          "paddingVertical": 8,
        },
        Object {
          "backgroundColor": "rgb(0, 166, 152)",
          "borderRadius": 8,
        },
        Object {
          "flexDirection": "row-reverse",
        },
      ]
    }
  >
    <Text
      allowFontScaling={false}
      style={
        Array [
          Object {
            "color": "rgb(17, 18, 54)",
            "fontFamily": "BpkIcon",
            "fontSize": 24,
            "includeFontPadding": false,
          },
          Object {
            "fontSize": 16,
          },
          Array [
            Object {
              "marginEnd": 4,
            },
            Object {
              "color": "rgb(255, 255, 255)",
            },
            Object {
              "marginEnd": 0,
              "marginStart": 4,
            },
          ],
        ]
      }
    >
      
    </Text>
    <Text
      allowFontScaling={false}
      style={
        Array [
          Object {
            "color": "rgb(17, 18, 54)",
            "fontFamily": "sans-serif",
            "fontSize": 14,
            "fontWeight": "400",
            "letterSpacing": 0,
            "textAlign": "left",
          },
          Object {
            "fontFamily": "sans-serif-medium",
          },
          Array [
            Object {
              "lineHeight": 20,
            },
            Object {
              "color": "rgb(255, 255, 255)",
            },
          ],
        ]
      }
    >
      LOREM IPSUM
    </Text>
  </View>
</View>
`;

exports[`Android BpkButton should support the "iconOnly" property 1`] = `
<View
  style={
    Array [
      Object {
        "elevation": 2,
        "overflow": "hidden",
      },
      Object {
        "borderRadius": 40,
      },
    ]
  }
>
  <View
    accessibilityLabel="Lorem ipsum"
    accessibilityRole="button"
    accessibilityStates={Array []}
    accessible={true}
    focusable={true}
    isTVSelectable={true}
    nativeBackgroundAndroid={
      Object {
        "borderless": true,
        "color": null,
        "type": "RippleAndroid",
      }
    }
    onClick={[Function]}
    onResponderGrant={[Function]}
    onResponderMove={[Function]}
    onResponderRelease={[Function]}
    onResponderTerminate={[Function]}
    onResponderTerminationRequest={[Function]}
    onStartShouldSetResponder={[Function]}
    style={
      Array [
        Object {
          "alignItems": "center",
          "flexDirection": "row",
          "justifyContent": "center",
          "paddingHorizontal": 12,
          "paddingVertical": 8,
        },
        Object {
          "backgroundColor": "rgb(0, 166, 152)",
          "borderRadius": 40,
        },
        Object {
          "flexDirection": "row-reverse",
        },
        Object {
          "paddingHorizontal": 10,
        },
      ]
    }
  >
    <Text
      allowFontScaling={false}
      style={
        Array [
          Object {
            "color": "rgb(17, 18, 54)",
            "fontFamily": "BpkIcon",
            "fontSize": 24,
            "includeFontPadding": false,
          },
          Object {
            "fontSize": 16,
          },
          Array [
            Object {
              "marginEnd": 4,
            },
            Object {
              "color": "rgb(255, 255, 255)",
            },
            Object {
              "marginEnd": 0,
              "marginStart": 4,
            },
            Object {
              "lineHeight": 20,
              "marginEnd": 0,
              "marginStart": 0,
            },
          ],
        ]
      }
    >
      
    </Text>
  </View>
</View>
`;

exports[`Android BpkButtonThemed should not apply border radius when a theme is applied 1`] = `
<View
  style={
    Array [
      Object {
        "elevation": 2,
        "overflow": "hidden",
      },
      Object {
        "borderRadius": 40,
      },
    ]
  }
>
  <View
    accessibilityLabel="Lorem ipsum"
    accessibilityRole="button"
    accessibilityStates={Array []}
    accessible={true}
    focusable={true}
    isTVSelectable={true}
    nativeBackgroundAndroid={
      Object {
        "borderless": true,
        "color": null,
        "type": "RippleAndroid",
      }
    }
    onClick={[Function]}
    onResponderGrant={[Function]}
    onResponderMove={[Function]}
    onResponderRelease={[Function]}
    onResponderTerminate={[Function]}
    onResponderTerminationRequest={[Function]}
    onStartShouldSetResponder={[Function]}
    style={
      Array [
        Object {
          "alignItems": "center",
          "flexDirection": "row",
          "justifyContent": "center",
          "paddingHorizontal": 12,
          "paddingVertical": 8,
        },
        Object {
          "backgroundColor": "green",
          "borderRadius": 40,
        },
        Object {
          "flexDirection": "row-reverse",
        },
        Object {
          "paddingHorizontal": 10,
        },
      ]
    }
  >
    <Text
      allowFontScaling={false}
      style={
        Array [
          Object {
            "color": "rgb(17, 18, 54)",
            "fontFamily": "BpkIcon",
            "fontSize": 24,
            "includeFontPadding": false,
          },
          Object {
            "fontSize": 16,
          },
          Array [
            Object {
              "marginEnd": 4,
            },
            Object {
              "color": "red",
            },
            Object {
              "marginEnd": 0,
              "marginStart": 4,
            },
            Object {
              "lineHeight": 20,
              "marginEnd": 0,
              "marginStart": 0,
            },
          ],
        ]
      }
    >
      
    </Text>
  </View>
</View>
`;

exports[`Android BpkButtonThemed should render correctly 1`] = `
<View
  style={
    Array [
      Object {
        "elevation": 2,
        "overflow": "hidden",
      },
      Object {
        "borderRadius": 8,
      },
    ]
  }
>
  <View
    accessibilityLabel="Lorem ipsum"
    accessibilityRole="button"
    accessibilityStates={Array []}
    accessible={true}
    focusable={true}
    isTVSelectable={true}
    nativeBackgroundAndroid={
      Object {
        "borderless": true,
        "color": null,
        "type": "RippleAndroid",
      }
    }
    onClick={[Function]}
    onResponderGrant={[Function]}
    onResponderMove={[Function]}
    onResponderRelease={[Function]}
    onResponderTerminate={[Function]}
    onResponderTerminationRequest={[Function]}
    onStartShouldSetResponder={[Function]}
    style={
      Array [
        Object {
          "alignItems": "center",
          "flexDirection": "row",
          "justifyContent": "center",
          "paddingHorizontal": 12,
          "paddingVertical": 8,
        },
        Object {
          "backgroundColor": "green",
          "borderRadius": 8,
        },
        Object {
          "flexDirection": "row-reverse",
        },
      ]
    }
  >
    <Text
      allowFontScaling={false}
      style={
        Array [
          Object {
            "color": "rgb(17, 18, 54)",
            "fontFamily": "sans-serif",
            "fontSize": 14,
            "fontWeight": "400",
            "letterSpacing": 0,
            "textAlign": "left",
          },
          Object {
            "fontFamily": "sans-serif-medium",
          },
          Array [
            Object {
              "lineHeight": 20,
            },
            Object {
              "color": "red",
            },
          ],
        ]
      }
    >
      LOREM IPSUM
    </Text>
  </View>
</View>
`;
